Component: Arm Compiler for Embedded 6.19 Tool: armlink [5e73cb00]

==============================================================================

Section Cross References

    startup_stm32f407xx.o(RESET) refers to startup_stm32f407xx.o(STACK) for __initial_sp
    startup_stm32f407xx.o(RESET) refers to startup_stm32f407xx.o(.text) for Reset_Handler
    startup_stm32f407xx.o(RESET) refers to stm32f4xx_it.o(.text.NMI_Handler) for NMI_Handler
    startup_stm32f407xx.o(RESET) refers to stm32f4xx_it.o(.text.HardFault_Handler) for HardFault_Handler
    startup_stm32f407xx.o(RESET) refers to stm32f4xx_it.o(.text.MemManage_Handler) for MemManage_Handler
    startup_stm32f407xx.o(RESET) refers to stm32f4xx_it.o(.text.BusFault_Handler) for BusFault_Handler
    startup_stm32f407xx.o(RESET) refers to stm32f4xx_it.o(.text.UsageFault_Handler) for UsageFault_Handler
    startup_stm32f407xx.o(RESET) refers to port.o(.text.SVC_Handler) for SVC_Handler
    startup_stm32f407xx.o(RESET) refers to stm32f4xx_it.o(.text.DebugMon_Handler) for DebugMon_Handler
    startup_stm32f407xx.o(RESET) refers to port.o(.text.PendSV_Handler) for PendSV_Handler
    startup_stm32f407xx.o(RESET) refers to cmsis_os2.o(.text.SysTick_Handler) for SysTick_Handler
    startup_stm32f407xx.o(RESET) refers to stm32f4xx_it.o(.text.TIM2_IRQHandler) for TIM2_IRQHandler
    startup_stm32f407xx.o(RESET) refers to stm32f4xx_it.o(.text.USART1_IRQHandler) for USART1_IRQHandler
    startup_stm32f407xx.o(RESET) refers to stm32f4xx_it.o(.text.TIM8_TRG_COM_TIM14_IRQHandler) for TIM8_TRG_COM_TIM14_IRQHandler
    startup_stm32f407xx.o(RESET) refers to stm32f4xx_it.o(.text.DMA2_Stream2_IRQHandler) for DMA2_Stream2_IRQHandler
    startup_stm32f407xx.o(RESET) refers to stm32f4xx_it.o(.text.DMA2_Stream7_IRQHandler) for DMA2_Stream7_IRQHandler
    startup_stm32f407xx.o(RESET) refers to stm32f4xx_it.o(.text.USART6_IRQHandler) for USART6_IRQHandler
    startup_stm32f407xx.o(.text) refers to system_stm32f4xx.o(.text.SystemInit) for SystemInit
    startup_stm32f407xx.o(.text) refers to entry.o(.ARM.Collect$$$$00000000) for __main
    main.o(.text.main) refers to lwmem_porting.o(.data.lwmem_regions) for lwmem_regions
    main.o(.text.main) refers to lwmem.o(.text.lwmem_assignmem_ex) for lwmem_assignmem_ex
    main.o(.text.main) refers to eventrecorder.o(.text.EventRecorderInitialize) for EventRecorderInitialize
    main.o(.text.main) refers to eventrecorder.o(.text.EventRecorderStart) for EventRecorderStart
    main.o(.text.main) refers to stm32f4xx_hal.o(.text.HAL_Init) for HAL_Init
    main.o(.text.main) refers to main.o(.text.SystemClock_Config) for SystemClock_Config
    main.o(.text.main) refers to gpio.o(.text.MX_GPIO_Init) for MX_GPIO_Init
    main.o(.text.main) refers to dma.o(.text.MX_DMA_Init) for MX_DMA_Init
    main.o(.text.main) refers to adc.o(.text.MX_ADC1_Init) for MX_ADC1_Init
    main.o(.text.main) refers to tim.o(.text.MX_TIM2_Init) for MX_TIM2_Init
    main.o(.text.main) refers to tim.o(.text.MX_TIM4_Init) for MX_TIM4_Init
    main.o(.text.main) refers to tim.o(.text.MX_TIM11_Init) for MX_TIM11_Init
    main.o(.text.main) refers to usart.o(.text.MX_USART1_UART_Init) for MX_USART1_UART_Init
    main.o(.text.main) refers to usart.o(.text.MX_USART2_UART_Init) for MX_USART2_UART_Init
    main.o(.text.main) refers to usart.o(.text.MX_USART6_UART_Init) for MX_USART6_UART_Init
    main.o(.text.main) refers to stm32f4xx_hal_cortex.o(.text.HAL_NVIC_SetPriority) for HAL_NVIC_SetPriority
    main.o(.text.main) refers to stm32f4xx_hal_cortex.o(.text.HAL_NVIC_EnableIRQ) for HAL_NVIC_EnableIRQ
    main.o(.text.main) refers to packet_porting.o(.text.packet_init) for packet_init
    main.o(.text.main) refers to cmsis_os2.o(.text.osKernelInitialize) for osKernelInitialize
    main.o(.text.main) refers to freertos.o(.text.MX_FREERTOS_Init) for MX_FREERTOS_Init
    main.o(.text.main) refers to cmsis_os2.o(.text.osKernelStart) for osKernelStart
    main.o(.ARM.exidx.text.main) refers to main.o(.text.main) for [Anonymous Symbol]
    main.o(.text.SystemClock_Config) refers to stm32f4xx_hal_rcc.o(.text.HAL_RCC_OscConfig) for HAL_RCC_OscConfig
    main.o(.text.SystemClock_Config) refers to stm32f4xx_hal_rcc.o(.text.HAL_RCC_ClockConfig) for HAL_RCC_ClockConfig
    main.o(.text.SystemClock_Config) refers to stm32f4xx_hal_rcc.o(.text.HAL_RCC_EnableCSS) for HAL_RCC_EnableCSS
    main.o(.ARM.exidx.text.SystemClock_Config) refers to main.o(.text.SystemClock_Config) for [Anonymous Symbol]
    main.o(.ARM.exidx.text.Error_Handler) refers to main.o(.text.Error_Handler) for [Anonymous Symbol]
    main.o(.text.HAL_TIM_PeriodElapsedCallback) refers to stm32f4xx_hal.o(.text.HAL_IncTick) for HAL_IncTick
    main.o(.ARM.exidx.text.HAL_TIM_PeriodElapsedCallback) refers to main.o(.text.HAL_TIM_PeriodElapsedCallback) for [Anonymous Symbol]
[...]
    TIM8_UP_TIM13_IRQHandler                 0x080001b7   Thumb Code     0  startup_stm32f407xx.o(.text)
    UART4_IRQHandler                         0x080001b7   Thumb Code     0  startup_stm32f407xx.o(.text)
    UART5_IRQHandler                         0x080001b7   Thumb Code     0  startup_stm32f407xx.o(.text)
    USART2_IRQHandler                        0x080001b7   Thumb Code     0  startup_stm32f407xx.o(.text)
    USART3_IRQHandler                        0x080001b7   Thumb Code     0  startup_stm32f407xx.o(.text)
    WWDG_IRQHandler                          0x080001b7   Thumb Code     0  startup_stm32f407xx.o(.text)
    __aeabi_uldivmod                         0x080001c1   Thumb Code    98  uldiv.o(.text)
    ___aeabi_memcpy4$move                    0x08000223   Thumb Code     0  memmovea.o(.text)
    ___aeabi_memcpy8$move                    0x08000223   Thumb Code     0  memmovea.o(.text)
    __aeabi_memcpy                           0x08000223   Thumb Code    64  memmovea.o(.text)
    __aeabi_memmove                          0x08000223   Thumb Code     0  memmovea.o(.text)
    __aeabi_memmove4                         0x08000223   Thumb Code     0  memmovea.o(.text)
    __aeabi_memmove8                         0x08000223   Thumb Code     0  memmovea.o(.text)
    __aeabi_memset                           0x08000263   Thumb Code    14  memseta.o(.text)
    __aeabi_memset4                          0x08000263   Thumb Code     0  memseta.o(.text)
    __aeabi_memset8                          0x08000263   Thumb Code     0  memseta.o(.text)
    __aeabi_memclr                           0x08000271   Thumb Code     4  memseta.o(.text)
    __aeabi_memclr4                          0x08000271   Thumb Code     0  memseta.o(.text)
    __aeabi_memclr8                          0x08000271   Thumb Code     0  memseta.o(.text)
    _memset$wrapper                          0x08000275   Thumb Code    18  memseta.o(.text)
    __aeabi_uidiv                            0x08000287   Thumb Code     0  uidiv.o(.text)
    __aeabi_uidivmod                         0x08000287   Thumb Code    44  uidiv.o(.text)
    __aeabi_llsl                             0x080002b3   Thumb Code    30  llshl.o(.text)
    _ll_shift_l                              0x080002b3   Thumb Code     0  llshl.o(.text)
    __aeabi_llsr                             0x080002d1   Thumb Code    32  llushr.o(.text)
    _ll_ushift_r                             0x080002d1   Thumb Code     0  llushr.o(.text)
    __scatterload                            0x080002f1   Thumb Code    28  init.o(.text)
    __scatterload_rt2                        0x080002f1   Thumb Code     0  init.o(.text)
    BusFault_Handler                         0x08000315   Thumb Code     2  stm32f4xx_it.o(.text.BusFault_Handler)
    DMA2_Stream2_IRQHandler                  0x08000319   Thumb Code    12  stm32f4xx_it.o(.text.DMA2_Stream2_IRQHandler)
    DMA2_Stream7_IRQHandler                  0x08000325   Thumb Code    12  stm32f4xx_it.o(.text.DMA2_Stream7_IRQHandler)
    DebugMon_Handler                         0x08000331   Thumb Code     2  stm32f4xx_it.o(.text.DebugMon_Handler)
    Error_Handler                            0x08000335   Thumb Code    10  main.o(.text.Error_Handler)
    EventRecordData                          0x08000341   Thumb Code   420  eventrecorder.o(.text.EventRecordData)
    EventRecorderInitialize                  0x0800078d   Thumb Code  2676  eventrecorder.o(.text.EventRecorderInitialize)
    EventRecorderStart                       0x08001201   Thumb Code   134  eventrecorder.o(.text.EventRecorderStart)
    EventRecorderTimerGetCount               0x08001289   Thumb Code    12  eventrecorder.o(.text.EventRecorderTimerGetCount)
    EventRecorderTimerGetFreq                0x08001295   Thumb Code    12  eventrecorder.o(.text.EventRecorderTimerGetFreq)
    EventRecorderTimerSetup                  0x080012a1   Thumb Code    36  eventrecorder.o(.text.EventRecorderTimerSetup)
    HAL_ADC_ConfigChannel                    0x080012c5   Thumb Code   326  stm32f4xx_hal_adc.o(.text.HAL_ADC_ConfigChannel)
    HAL_ADC_Init                             0x0800140d   Thumb Code   350  stm32f4xx_hal_adc.o(.text.HAL_ADC_Init)
    HAL_ADC_MspInit                          0x0800156d   Thumb Code   100  adc.o(.text.HAL_ADC_MspInit)
    HAL_DMA_Abort                            0x080015d1   Thumb Code   142  stm32f4xx_hal_dma.o(.text.HAL_DMA_Abort)
    HAL_DMA_Abort_IT                         0x08001661   Thumb Code    36  stm32f4xx_hal_dma.o(.text.HAL_DMA_Abort_IT)
    HAL_DMA_GetError                         0x08001685   Thumb Code     4  stm32f4xx_hal_dma.o(.text.HAL_DMA_GetError)
    HAL_DMA_IRQHandler                       0x08001689   Thumb Code   448  stm32f4xx_hal_dma.o(.text.HAL_DMA_IRQHandler)
    HAL_DMA_Init                             0x08001849   Thumb Code   354  stm32f4xx_hal_dma.o(.text.HAL_DMA_Init)
    HAL_DMA_Start_IT                         0x080019ad   Thumb Code   158  stm32f4xx_hal_dma.o(.text.HAL_DMA_Start_IT)
    HAL_GPIO_Init                            0x08001a4d   Thumb Code   422  stm32f4xx_hal_gpio.o(.text.HAL_GPIO_Init)
    HAL_GPIO_ReadPin                         0x08001bf5   Thumb Code    10  stm32f4xx_hal_gpio.o(.text.HAL_GPIO_ReadPin)
    HAL_GPIO_WritePin                        0x08001c01   Thumb Code    10  stm32f4xx_hal_gpio.o(.text.HAL_GPIO_WritePin)
    HAL_GetTick                              0x08001c0d   Thumb Code    12  stm32f4xx_hal.o(.text.HAL_GetTick)
    HAL_IncTick                              0x08001c19   Thumb Code    26  stm32f4xx_hal.o(.text.HAL_IncTick)
    HAL_Init                                 0x08001c35   Thumb Code    54  stm32f4xx_hal.o(.text.HAL_Init)
    HAL_InitTick                             0x08001c6d   Thumb Code   188  stm32f4xx_hal_timebase_tim.o(.text.HAL_InitTick)
    HAL_MspInit                              0x08001d29   Thumb Code    66  stm32f4xx_hal_msp.o(.text.HAL_MspInit)
    HAL_NVIC_EnableIRQ                       0x08001d6d   Thumb Code    38  stm32f4xx_hal_cortex.o(.text.HAL_NVIC_EnableIRQ)
    HAL_NVIC_SetPriority                     0x08001d95   Thumb Code    86  stm32f4xx_hal_cortex.o(.text.HAL_NVIC_SetPriority)
    HAL_NVIC_SetPriorityGrouping             0x08001ded   Thumb Code    32  stm32f4xx_hal_cortex.o(.text.HAL_NVIC_SetPriorityGrouping)
    HAL_RCC_CSSCallback                      0x08001e0d   Thumb Code     2  stm32f4xx_hal_rcc.o(.text.HAL_RCC_CSSCallback)
    HAL_RCC_ClockConfig                      0x08001e11   Thumb Code   352  stm32f4xx_hal_rcc.o(.text.HAL_RCC_ClockConfig)
    HAL_RCC_EnableCSS                        0x08001f71   Thumb Code    12  stm32f4xx_hal_rcc.o(.text.HAL_RCC_EnableCSS)
    HAL_RCC_GetClockConfig                   0x08001f7d   Thumb Code    62  stm32f4xx_hal_rcc.o(.text.HAL_RCC_GetClockConfig)
    HAL_RCC_GetPCLK1Freq                     0x08001fbd   Thumb Code    38  stm32f4xx_hal_rcc.o(.text.HAL_RCC_GetPCLK1Freq)
    HAL_RCC_GetPCLK2Freq                     0x08001fe5   Thumb Code    38  stm32f4xx_hal_rcc.o(.text.HAL_RCC_GetPCLK2Freq)
    HAL_RCC_GetSysClockFreq                  0x0800200d   Thumb Code   108  stm32f4xx_hal_rcc.o(.text.HAL_RCC_GetSysClockFreq)
    HAL_RCC_NMI_IRQHandler                   0x08002079   Thumb Code    28  stm32f4xx_hal_rcc.o(.text.HAL_RCC_NMI_IRQHandler)
    HAL_RCC_OscConfig                        0x08002095   Thumb Code   884  stm32f4xx_hal_rcc.o(.text.HAL_RCC_OscConfig)
    HAL_TIMEx_BreakCallback                  0x08002409   Thumb Code     2  stm32f4xx_hal_tim_ex.o(.text.HAL_TIMEx_BreakCallback)
    HAL_TIMEx_CommutCallback                 0x0800240d   Thumb Code     2  stm32f4xx_hal_tim_ex.o(.text.HAL_TIMEx_CommutCallback)
    HAL_TIMEx_MasterConfigSynchronization    0x08002411   Thumb Code   182  stm32f4xx_hal_tim_ex.o(.text.HAL_TIMEx_MasterConfigSynchronization)
    HAL_TIM_Base_Init                        0x080024c9   Thumb Code    90  stm32f4xx_hal_tim.o(.text.HAL_TIM_Base_Init)
    HAL_TIM_Base_MspInit                     0x08002525   Thumb Code    90  tim.o(.text.HAL_TIM_Base_MspInit)
    HAL_TIM_Base_Start_IT                    0x08002581   Thumb Code   170  stm32f4xx_hal_tim.o(.text.HAL_TIM_Base_Start_IT)
    HAL_TIM_ConfigClockSource                0x0800262d   Thumb Code   412  stm32f4xx_hal_tim.o(.text.HAL_TIM_ConfigClockSource)
    HAL_TIM_IC_CaptureCallback               0x080027c9   Thumb Code     2  stm32f4xx_hal_tim.o(.text.HAL_TIM_IC_CaptureCallback)
    HAL_TIM_IRQHandler                       0x080027cd   Thumb Code   368  stm32f4xx_hal_tim.o(.text.HAL_TIM_IRQHandler)
    HAL_TIM_OC_DelayElapsedCallback          0x0800293d   Thumb Code     2  stm32f4xx_hal_tim.o(.text.HAL_TIM_OC_DelayElapsedCallback)
    HAL_TIM_PWM_ConfigChannel                0x08002941   Thumb Code   546  stm32f4xx_hal_tim.o(.text.HAL_TIM_PWM_ConfigChannel)
    HAL_TIM_PWM_Init                         0x08002b65   Thumb Code    90  stm32f4xx_hal_tim.o(.text.HAL_TIM_PWM_Init)
    HAL_TIM_PWM_MspInit                      0x08002bc1   Thumb Code    54  tim.o(.text.HAL_TIM_PWM_MspInit)
    HAL_TIM_PWM_PulseFinishedCallback        0x08002bf9   Thumb Code     2  stm32f4xx_hal_tim.o(.text.HAL_TIM_PWM_PulseFinishedCallback)
    HAL_TIM_PWM_Start                        0x08002bfd   Thumb Code   274  stm32f4xx_hal_tim.o(.text.HAL_TIM_PWM_Start)
    HAL_TIM_PWM_Stop                         0x08002d11   Thumb Code   170  stm32f4xx_hal_tim.o(.text.HAL_TIM_PWM_Stop)
    HAL_TIM_PeriodElapsedCallback            0x08002dbd   Thumb Code    20  main.o(.text.HAL_TIM_PeriodElapsedCallback)
    HAL_TIM_TriggerCallback                  0x08002dd1   Thumb Code     2  stm32f4xx_hal_tim.o(.text.HAL_TIM_TriggerCallback)
    HAL_UARTEx_ReceiveToIdle_DMA             0x08002dd5   Thumb Code   482  stm32f4xx_hal_uart.o(.text.HAL_UARTEx_ReceiveToIdle_DMA)
    HAL_UARTEx_RxEventCallback               0x08002fb9   Thumb Code     2  stm32f4xx_hal_uart.o(.text.HAL_UARTEx_RxEventCallback)
    HAL_UART_AbortCpltCallback               0x08002fbd   Thumb Code     2  stm32f4xx_hal_uart.o(.text.HAL_UART_AbortCpltCallback)
    HAL_UART_AbortReceive                    0x08002fc1   Thumb Code   366  stm32f4xx_hal_uart.o(.text.HAL_UART_AbortReceive)
    HAL_UART_AbortReceiveCpltCallback        0x08003131   Thumb Code     2  stm32f4xx_hal_uart.o(.text.HAL_UART_AbortReceiveCpltCallback)
    HAL_UART_AbortTransmitCpltCallback       0x08003135   Thumb Code     2  stm32f4xx_hal_uart.o(.text.HAL_UART_AbortTransmitCpltCallback)
    HAL_UART_ErrorCallback                   0x08003139   Thumb Code     2  stm32f4xx_hal_uart.o(.text.HAL_UART_ErrorCallback)
    HAL_UART_IRQHandler                      0x0800313d   Thumb Code  1352  stm32f4xx_hal_uart.o(.text.HAL_UART_IRQHandler)
    HAL_UART_Init                            0x08003685   Thumb Code   200  stm32f4xx_hal_uart.o(.text.HAL_UART_Init)
    HAL_UART_MspInit                         0x0800374d   Thumb Code   450  usart.o(.text.HAL_UART_MspInit)
    HAL_UART_RegisterCallback                0x08003911   Thumb Code   142  stm32f4xx_hal_uart.o(.text.HAL_UART_RegisterCallback)
    HAL_UART_RegisterRxEventCallback         0x080039a1   Thumb Code    68  stm32f4xx_hal_uart.o(.text.HAL_UART_RegisterRxEventCallback)
    HAL_UART_RxCpltCallback                  0x080039e5   Thumb Code     2  stm32f4xx_hal_uart.o(.text.HAL_UART_RxCpltCallback)
    HAL_UART_RxHalfCpltCallback              0x080039e9   Thumb Code     2  stm32f4xx_hal_uart.o(.text.HAL_UART_RxHalfCpltCallback)
    HAL_UART_Transmit                        0x080039ed   Thumb Code   646  stm32f4xx_hal_uart.o(.text.HAL_UART_Transmit)
    HAL_UART_Transmit_DMA                    0x08003c75   Thumb Code   200  stm32f4xx_hal_uart.o(.text.HAL_UART_Transmit_DMA)
    HAL_UART_TxCpltCallback                  0x08003d3d   Thumb Code     2  stm32f4xx_hal_uart.o(.text.HAL_UART_TxCpltCallback)
    HAL_UART_TxHalfCpltCallback              0x08003d41   Thumb Code     2  stm32f4xx_hal_uart.o(.text.HAL_UART_TxHalfCpltCallback)
    HardFault_Handler                        0x08003d45   Thumb Code     2  stm32f4xx_it.o(.text.HardFault_Handler)
    MX_ADC1_Init                             0x08003d49   Thumb Code   106  adc.o(.text.MX_ADC1_Init)
    MX_DMA_Init                              0x08003db5   Thumb Code    36  dma.o(.text.MX_DMA_Init)
    MX_FREERTOS_Init                         0x08003dd9   Thumb Code   294  freertos.o(.text.MX_FREERTOS_Init)
    MX_GPIO_Init                             0x08003f01   Thumb Code   326  gpio.o(.text.MX_GPIO_Init)
    MX_TIM11_Init                            0x08004049   Thumb Code   302  tim.o(.text.MX_TIM11_Init)
    MX_TIM2_Init                             0x08004179   Thumb Code   460  tim.o(.text.MX_TIM2_Init)
    MX_TIM4_Init                             0x08004345   Thumb Code   398  tim.o(.text.MX_TIM4_Init)
    MX_USART1_UART_Init                      0x080044d5   Thumb Code    64  usart.o(.text.MX_USART1_UART_Init)
    MX_USART2_UART_Init                      0x08004515   Thumb Code    60  usart.o(.text.MX_USART2_UART_Init)
    MX_USART6_UART_Init                      0x08004551   Thumb Code    60  usart.o(.text.MX_USART6_UART_Init)
    MemManage_Handler                        0x0800458d   Thumb Code     2  stm32f4xx_it.o(.text.MemManage_Handler)
    NMI_Handler                              0x08004591   Thumb Code     6  stm32f4xx_it.o(.text.NMI_Handler)
    PendSV_Handler                           0x080045a1   Thumb Code   100  port.o(.text.PendSV_Handler)
    SVC_Handler                              0x08004611   Thumb Code    36  port.o(.text.SVC_Handler)
    StartDefaultTask                         0x08004635   Thumb Code     8  freertos.o(.text.StartDefaultTask)
    SysTick_Handler                          0x0800463d   Thumb Code    30  cmsis_os2.o(.text.SysTick_Handler)
    SystemClock_Config                       0x0800465d   Thumb Code   180  main.o(.text.SystemClock_Config)
    SystemInit                               0x08004711   Thumb Code    18  system_stm32f4xx.o(.text.SystemInit)
    TIM2_IRQHandler                          0x08004725   Thumb Code     4  stm32f4xx_it.o(.text.TIM2_IRQHandler)
    TIM8_TRG_COM_TIM14_IRQHandler            0x08004729   Thumb Code    12  stm32f4xx_it.o(.text.TIM8_TRG_COM_TIM14_IRQHandler)
    TIM_Base_SetConfig                       0x08004735   Thumb Code   316  stm32f4xx_hal_tim.o(.text.TIM_Base_SetConfig)
    USART1_IRQHandler                        0x08004e29   Thumb Code    18  stm32f4xx_it.o(.text.USART1_IRQHandler)
    USART6_IRQHandler                        0x08004e3d   Thumb Code     4  stm32f4xx_it.o(.text.USART6_IRQHandler)
    UsageFault_Handler                       0x08004e41   Thumb Code     2  stm32f4xx_it.o(.text.UsageFault_Handler)
    app_main                                 0x08004e45   Thumb Code   106  app.o(.text.app_main)
    button_defalut_event_callback            0x08004eb1   Thumb Code     2  button.o(.text.button_defalut_event_callback)
    button_event_callback                    0x08004eb5   Thumb Code   124  app.o(.text.button_event_callback)
    button_object_init                       0x08004f4d   Thumb Code    42  button.o(.text.button_object_init)
    button_register_callback                 0x08004f9d   Thumb Code     8  button.o(.text.button_register_callback)
    button_task_handler                      0x08004fa5   Thumb Code   256  button.o(.text.button_task_handler)
    button_timer_callback                    0x080050a5   Thumb Code    16  button_porting.o(.text.button_timer_callback)
    buttons_init                             0x080050b5   Thumb Code    66  button_porting.o(.text.buttons_init)
    buzzer_didi                              0x080050f9   Thumb Code    30  buzzer.o(.text.buzzer_didi)
    buzzer_object_init                       0x08005119   Thumb Code     6  buzzer.o(.text.buzzer_object_init)
    buzzer_task_handler                      0x0800516d   Thumb Code   162  buzzer.o(.text.buzzer_task_handler)
    buzzer_timer_callback                    0x08005211   Thumb Code    16  buzzer_porting.o(.text.buzzer_timer_callback)
    buzzers_init                             0x08005221   Thumb Code   120  buzzer_porting.o(.text.buzzers_init)
    checksum_crc8                            0x08005299   Thumb Code   130  checksum.o(.text.checksum_crc8)
    fputc                                    0x0800531d   Thumb Code    74  retarget_io.o(.text.fputc)
    led_flash                                0x08005395   Thumb Code    22  led.o(.text.led_flash)
    led_object_init                          0x080053ad   Thumb Code     6  led.o(.text.led_object_init)
    led_task_handler                         0x080053ed   Thumb Code   152  led.o(.text.led_task_handler)
    led_timer_callback                       0x08005485   Thumb Code    30  led_porting.o(.text.led_timer_callback)
    leds_init                                0x080054a5   Thumb Code   132  led_porting.o(.text.leds_init)
    lwmem_assignmem_ex                       0x08005529   Thumb Code   488  lwmem.o(.text.lwmem_assignmem_ex)
    lwmem_free_ex                            0x08005711   Thumb Code   208  lwmem.o(.text.lwmem_free_ex)
    lwmem_malloc_ex                          0x080057e1   Thumb Code    58  lwmem.o(.text.lwmem_malloc_ex)
    lwmem_sys_mutex_create                   0x0800581d   Thumb Code    60  lwmem_sys_cmsis_os.o(.text.lwmem_sys_mutex_create)
    lwmem_sys_mutex_isvalid                  0x08005859   Thumb Code    10  lwmem_sys_cmsis_os.o(.text.lwmem_sys_mutex_isvalid)
    lwmem_sys_mutex_release                  0x08005865   Thumb Code    16  lwmem_sys_cmsis_os.o(.text.lwmem_sys_mutex_release)
    lwmem_sys_mutex_wait                     0x08005875   Thumb Code    20  lwmem_sys_cmsis_os.o(.text.lwmem_sys_mutex_wait)
    lwrb_get_full                            0x08005889   Thumb Code    96  lwrb.o(.text.lwrb_get_full)
    lwrb_init                                0x080058e9   Thumb Code    58  lwrb.o(.text.lwrb_init)
    lwrb_read                                0x08005925   Thumb Code   236  lwrb.o(.text.lwrb_read)
    lwrb_write                               0x08005a11   Thumb Code   236  lwrb.o(.text.lwrb_write)
    main                                     0x08005afd   Thumb Code   170  main.o(.text.main)
    motors_init                              0x08005c99   Thumb Code    98  motor_porting.o(.text.motors_init)
    osDelay                                  0x08005cfd   Thumb Code    32  cmsis_os2.o(.text.osDelay)
    osKernelInitialize                       0x08005d1d   Thumb Code    40  cmsis_os2.o(.text.osKernelInitialize)
    osKernelStart                            0x08005d45   Thumb Code    60  cmsis_os2.o(.text.osKernelStart)
    osMessageQueueGet                        0x08005d81   Thumb Code   136  cmsis_os2.o(.text.osMessageQueueGet)
    osMessageQueueNew                        0x08005e09   Thumb Code   148  cmsis_os2.o(.text.osMessageQueueNew)
    osMessageQueuePut                        0x08005e9d   Thumb Code   168  cmsis_os2.o(.text.osMessageQueuePut)
    osMutexAcquire                           0x08005f45   Thumb Code    84  cmsis_os2.o(.text.osMutexAcquire)
    osMutexNew                               0x08005f99   Thumb Code   120  cmsis_os2.o(.text.osMutexNew)
    osMutexRelease                           0x08006011   Thumb Code    74  cmsis_os2.o(.text.osMutexRelease)
    osSemaphoreAcquire                       0x0800605d   Thumb Code   108  cmsis_os2.o(.text.osSemaphoreAcquire)
    osSemaphoreNew                           0x080060c9   Thumb Code   184  cmsis_os2.o(.text.osSemaphoreNew)
    osSemaphoreRelease                       0x08006181   Thumb Code   100  cmsis_os2.o(.text.osSemaphoreRelease)
    osThreadNew                              0x080061e5   Thumb Code   178  cmsis_os2.o(.text.osThreadNew)
    osTimerNew                               0x08006299   Thumb Code   146  cmsis_os2.o(.text.osTimerNew)
    osTimerStart                             0x0800632d   Thumb Code    58  cmsis_os2.o(.text.osTimerStart)
    packet_handle_init                       0x08006461   Thumb Code    78  packet_handle.o(.text.packet_handle_init)
    packet_init                              0x080064b1   Thumb Code   116  packet_porting.o(.text.packet_init)
    packet_recv                              0x0800657d   Thumb Code   330  packet.o(.text.packet_recv)
    packet_register_callback                 0x080066c9   Thumb Code    14  packet.o(.text.packet_register_callback)
    packet_rx_task_entry                     0x080066d9   Thumb Code   114  packet_porting.o(.text.packet_rx_task_entry)
    packet_transmit                          0x08006a91   Thumb Code    96  packet.o(.text.packet_transmit)
    packet_tx_task_entry                     0x08006af1   Thumb Code    98  packet_porting.o(.text.packet_tx_task_entry)
    pvPortMalloc                             0x0800766d   Thumb Code   496  heap_4.o(.text.pvPortMalloc)
    pvTaskIncrementMutexHeldCount            0x0800785d   Thumb Code    24  tasks.o(.text.pvTaskIncrementMutexHeldCount)
    pvTimerGetTimerID                        0x08007875   Thumb Code    38  timers.o(.text.pvTimerGetTimerID)
    pwm_servo_duty_compare                   0x0800789d   Thumb Code   132  pwm_servo.o(.text.pwm_servo_duty_compare)
    pwm_servo_hw_timer_irq                   0x08007921   Thumb Code    50  pwm_servo_porting.o(.text.pwm_servo_hw_timer_irq)
    pxPortInitialiseStack                    0x08007955   Thumb Code    40  port.o(.text.pxPortInitialiseStack)
    serial_servo_controller_object_init      0x0800799d   Thumb Code    36  serial_servo.o(.text.serial_servo_controller_object_init)
    serial_servo_init                        0x080079c1   Thumb Code   134  serial_servo_porting.o(.text.serial_servo_init)
    serial_servo_irq_handler                 0x08007a49   Thumb Code   876  serial_servo_porting.o(.text.serial_servo_irq_handler)
    serial_servo_load_unload                 0x08007db5   Thumb Code    56  serial_servo.o(.text.serial_servo_load_unload)
    serial_servo_read_angle_limit            0x08007ded   Thumb Code    78  serial_servo.o(.text.serial_servo_read_angle_limit)
    serial_servo_read_deviation              0x08007e3d   Thumb Code    74  serial_servo.o(.text.serial_servo_read_deviation)
    serial_servo_read_id                     0x08007e89   Thumb Code    74  serial_servo.o(.text.serial_servo_read_id)
    serial_servo_read_load_unload            0x08007ed5   Thumb Code    74  serial_servo.o(.text.serial_servo_read_load_unload)
    serial_servo_read_position               0x08007f21   Thumb Code    74  serial_servo.o(.text.serial_servo_read_position)
    serial_servo_read_temp                   0x08007f6d   Thumb Code    74  serial_servo.o(.text.serial_servo_read_temp)
    serial_servo_read_temp_limit             0x08007fb9   Thumb Code    74  serial_servo.o(.text.serial_servo_read_temp_limit)
    serial_servo_read_vin                    0x08008005   Thumb Code    74  serial_servo.o(.text.serial_servo_read_vin)
    serial_servo_read_vin_limit              0x08008051   Thumb Code    78  serial_servo.o(.text.serial_servo_read_vin_limit)
    serial_servo_save_deviation              0x080080a1   Thumb Code    52  serial_servo.o(.text.serial_servo_save_deviation)
    serial_servo_set_angle_limit             0x080080d5   Thumb Code   116  serial_servo.o(.text.serial_servo_set_angle_limit)
    serial_servo_set_deviation               0x08008149   Thumb Code    56  serial_servo.o(.text.serial_servo_set_deviation)
    serial_servo_set_id                      0x08008181   Thumb Code    56  serial_servo.o(.text.serial_servo_set_id)
    serial_servo_set_position                0x080081b9   Thumb Code    96  serial_servo.o(.text.serial_servo_set_position)
    serial_servo_set_temp_limit              0x08008219   Thumb Code    62  serial_servo.o(.text.serial_servo_set_temp_limit)
    serial_servo_set_vin_limit               0x08008259   Thumb Code   116  serial_servo.o(.text.serial_servo_set_vin_limit)
    serial_servo_stop                        0x080082cd   Thumb Code    52  serial_servo.o(.text.serial_servo_stop)
    uxListRemove                             0x080083e1   Thumb Code    36  list.o(.text.uxListRemove)
    vApplicationGetIdleTaskMemory            0x08008405   Thumb Code    28  cmsis_os2.o(.text.vApplicationGetIdleTaskMemory)
    vApplicationGetTimerTaskMemory           0x08008421   Thumb Code    28  cmsis_os2.o(.text.vApplicationGetTimerTaskMemory)
    vApplicationMallocFailedHook             0x0800843d   Thumb Code     2  freertos.o(.text.vApplicationMallocFailedHook)
    vListInitialise                          0x08008441   Thumb Code    22  list.o(.text.vListInitialise)
    vListInitialiseItem                      0x08008459   Thumb Code     6  list.o(.text.vListInitialiseItem)
    vListInsert                              0x08008461   Thumb Code    98  list.o(.text.vListInsert)
    vListInsertEnd                           0x080084c5   Thumb Code    28  list.o(.text.vListInsertEnd)
    vPortEnterCritical                       0x080084f5   Thumb Code    70  port.o(.text.vPortEnterCritical)
    vPortExitCritical                        0x0800853d   Thumb Code    46  port.o(.text.vPortExitCritical)
    vPortFree                                0x0800856d   Thumb Code   212  heap_4.o(.text.vPortFree)
    vPortSetupTimerInterrupt                 0x08008641   Thumb Code    52  port.o(.text.vPortSetupTimerInterrupt)
    vPortValidateInterruptPriority           0x08008675   Thumb Code    94  port.o(.text.vPortValidateInterruptPriority)
    vQueueAddToRegistry                      0x080086d5   Thumb Code   176  queue.o(.text.vQueueAddToRegistry)
    vQueueDelete                             0x08008785   Thumb Code   168  queue.o(.text.vQueueDelete)
    vQueueWaitForMessageRestricted           0x0800882d   Thumb Code    82  queue.o(.text.vQueueWaitForMessageRestricted)
    vTaskDelay                               0x08008881   Thumb Code   128  tasks.o(.text.vTaskDelay)
    vTaskInternalSetTimeOutState             0x08008901   Thumb Code    18  tasks.o(.text.vTaskInternalSetTimeOutState)
    vTaskMissedYield                         0x08008915   Thumb Code    14  tasks.o(.text.vTaskMissedYield)
    vTaskPlaceOnEventList                    0x08008925   Thumb Code   116  tasks.o(.text.vTaskPlaceOnEventList)
    vTaskPlaceOnEventListRestricted          0x08008999   Thumb Code   122  tasks.o(.text.vTaskPlaceOnEventListRestricted)
    vTaskPriorityDisinheritAfterTimeout      0x08008a15   Thumb Code   162  tasks.o(.text.vTaskPriorityDisinheritAfterTimeout)
    vTaskStartScheduler                      0x08008ab9   Thumb Code   232  tasks.o(.text.vTaskStartScheduler)
    vTaskSuspendAll                          0x08008ba9   Thumb Code    16  tasks.o(.text.vTaskSuspendAll)
    vTaskSwitchContext                       0x08008bb9   Thumb Code   188  tasks.o(.text.vTaskSwitchContext)
    xPortStartScheduler                      0x08008c75   Thumb Code   388  port.o(.text.xPortStartScheduler)
    xPortSysTickHandler                      0x08008df9   Thumb Code    46  port.o(.text.xPortSysTickHandler)
    xQueueCreateCountingSemaphore            0x08008e29   Thumb Code    68  queue.o(.text.xQueueCreateCountingSemaphore)
    xQueueCreateCountingSemaphoreStatic      0x08008e6d   Thumb Code   194  queue.o(.text.xQueueCreateCountingSemaphoreStatic)
    xQueueCreateMutex                        0x08008f31   Thumb Code   112  queue.o(.text.xQueueCreateMutex)
    xQueueCreateMutexStatic                  0x08008fa1   Thumb Code   162  queue.o(.text.xQueueCreateMutexStatic)
    xQueueGenericCreate                      0x08009045   Thumb Code   134  queue.o(.text.xQueueGenericCreate)
    xQueueGenericCreateStatic                0x080090cd   Thumb Code   222  queue.o(.text.xQueueGenericCreateStatic)
    xQueueGenericSend                        0x080091ad   Thumb Code   554  queue.o(.text.xQueueGenericSend)
    xQueueGenericSendFromISR                 0x080093d9   Thumb Code   344  queue.o(.text.xQueueGenericSendFromISR)
    xQueueGiveFromISR                        0x08009531   Thumb Code   200  queue.o(.text.xQueueGiveFromISR)
    xQueueGiveMutexRecursive                 0x080095f9   Thumb Code    66  queue.o(.text.xQueueGiveMutexRecursive)
    xQueueReceive                            0x0800963d   Thumb Code   418  queue.o(.text.xQueueReceive)
    xQueueReceiveFromISR                     0x080097e1   Thumb Code   228  queue.o(.text.xQueueReceiveFromISR)
    xQueueSemaphoreTake                      0x080098c5   Thumb Code   474  queue.o(.text.xQueueSemaphoreTake)
    xQueueTakeMutexRecursive                 0x08009aa1   Thumb Code    72  queue.o(.text.xQueueTakeMutexRecursive)
    xTaskCheckForTimeOut                     0x08009ae9   Thumb Code   162  tasks.o(.text.xTaskCheckForTimeOut)
    xTaskCreate                              0x08009b8d   Thumb Code    96  tasks.o(.text.xTaskCreate)
    xTaskCreateStatic                        0x08009bed   Thumb Code   118  tasks.o(.text.xTaskCreateStatic)
    xTaskGetCurrentTaskHandle                0x08009c65   Thumb Code    12  tasks.o(.text.xTaskGetCurrentTaskHandle)
    xTaskGetSchedulerState                   0x08009c71   Thumb Code    30  tasks.o(.text.xTaskGetSchedulerState)
    xTaskGetTickCount                        0x08009c91   Thumb Code    12  tasks.o(.text.xTaskGetTickCount)
    xTaskIncrementTick                       0x08009c9d   Thumb Code   260  tasks.o(.text.xTaskIncrementTick)
    xTaskPriorityDisinherit                  0x08009da1   Thumb Code   138  tasks.o(.text.xTaskPriorityDisinherit)
    xTaskPriorityInherit                     0x08009e2d   Thumb Code   146  tasks.o(.text.xTaskPriorityInherit)
    xTaskRemoveFromEventList                 0x08009ec1   Thumb Code   114  tasks.o(.text.xTaskRemoveFromEventList)
    xTaskResumeAll                           0x08009f35   Thumb Code   238  tasks.o(.text.xTaskResumeAll)
    xTimerCreate                             0x0800a025   Thumb Code    56  timers.o(.text.xTimerCreate)
    xTimerCreateStatic                       0x0800a05d   Thumb Code    82  timers.o(.text.xTimerCreateStatic)
    xTimerCreateTimerTask                    0x0800a0b1   Thumb Code   172  timers.o(.text.xTimerCreateTimerTask)
    xTimerGenericCommand                     0x0800a165   Thumb Code   118  timers.o(.text.xTimerGenericCommand)
    __0printf$1                              0x0800a1dd   Thumb Code    22  printf1.o(i.__0printf$1)
    __1printf$1                              0x0800a1dd   Thumb Code     0  printf1.o(i.__0printf$1)
    __2printf                                0x0800a1dd   Thumb Code     0  printf1.o(i.__0printf$1)
    __scatterload_copy                       0x0800a1fd   Thumb Code    14  handlers.o(i.__scatterload_copy)
    __scatterload_null                       0x0800a20b   Thumb Code     2  handlers.o(i.__scatterload_null)
    __scatterload_zeroinit                   0x0800a20d   Thumb Code    14  handlers.o(i.__scatterload_zeroinit)
    AHBPrescTable                            0x0800a370   Data          16  system_stm32f4xx.o(.rodata.AHBPrescTable)
    APBPrescTable                            0x0800a380   Data           8  system_stm32f4xx.o(.rodata.APBPrescTable)
    EventRecorderInfo                        0x0800a388   Data          24  eventrecorder.o(.rodata.EventRecorderInfo)
    app_main_task_attributes                 0x0800a3a0   Data          36  freertos.o(.rodata.app_main_task_attributes)
    button_timer_attributes                  0x0800a3c4   Data          16  freertos.o(.rodata.button_timer_attributes)
    buzzer_timer_attributes                  0x0800a3d4   Data          16  freertos.o(.rodata.buzzer_timer_attributes)
    defaultTask_attributes                   0x0800a4ec   Data          36  freertos.o(.rodata.defaultTask_attributes)
    led0_ctrl_queue_attributes               0x0800a510   Data          24  freertos.o(.rodata.led0_ctrl_queue_attributes)
    led1_ctrl_queue_attributes               0x0800a528   Data          24  freertos.o(.rodata.led1_ctrl_queue_attributes)
    led_timer_attributes                     0x0800a540   Data          16  freertos.o(.rodata.led_timer_attributes)
    packet_rx_not_empty_attributes           0x0800a550   Data          16  freertos.o(.rodata.packet_rx_not_empty_attributes)
    packet_rx_task_attributes                0x0800a560   Data          36  freertos.o(.rodata.packet_rx_task_attributes)
    packet_tx_idle_attributes                0x0800a584   Data          16  freertos.o(.rodata.packet_tx_idle_attributes)
    packet_tx_queue_attributes               0x0800a594   Data          24  freertos.o(.rodata.packet_tx_queue_attributes)
    packet_tx_task_attributes                0x0800a5ac   Data          36  freertos.o(.rodata.packet_tx_task_attributes)
    serial_servo_rx_complete_attributes      0x0800a5d0   Data          16  freertos.o(.rodata.serial_servo_rx_complete_attributes)
    Region$$Table$$Base                      0x0800a6bc   Number         0  anon$$obj.o(Region$$Table)
    Region$$Table$$Limit                     0x0800a6dc   Number         0  anon$$obj.o(Region$$Table)
    __stdout                                 0x20000000   Data           4  stdout.o(.data)
    uwTickFreq                               0x20000004   Data           1  stm32f4xx_hal.o(.data..L_MergedGlobals)
    uwTickPrio                               0x20000008   Data           4  stm32f4xx_hal.o(.data..L_MergedGlobals)
    SystemCoreClock                          0x2000000c   Data           4  system_stm32f4xx.o(.data.SystemCoreClock)
    lwmem_regions                            0x20000010   Data          24  lwmem_porting.o(.data.lwmem_regions)
    serial_servo_rx_completeHandle           0x20000030   Data           4  freertos.o(.bss..L_MergedGlobals)
    packet_tx_idleHandle                     0x20000034   Data           4  freertos.o(.bss..L_MergedGlobals)
    packet_rx_not_emptyHandle                0x20000038   Data           4  freertos.o(.bss..L_MergedGlobals)
    buzzer_timerHandle                       0x2000003c   Data           4  freertos.o(.bss..L_MergedGlobals)
    led_timerHandle                          0x20000040   Data           4  freertos.o(.bss..L_MergedGlobals)
    button_timerHandle                       0x20000044   Data           4  freertos.o(.bss..L_MergedGlobals)
    led0_ctrl_queueHandle                    0x20000048   Data           4  freertos.o(.bss..L_MergedGlobals)
    led1_ctrl_queueHandle                    0x2000004c   Data           4  freertos.o(.bss..L_MergedGlobals)
    packet_tx_queueHandle                    0x20000050   Data           4  freertos.o(.bss..L_MergedGlobals)
    defaultTaskHandle                        0x20000054   Data           4  freertos.o(.bss..L_MergedGlobals)
    app_main_taskHandle                      0x20000058   Data           4  freertos.o(.bss..L_MergedGlobals)
    packet_rx_taskHandle                     0x2000005c   Data           4  freertos.o(.bss..L_MergedGlobals)
    packet_tx_taskHandle                     0x20000060   Data           4  freertos.o(.bss..L_MergedGlobals)
    pxCurrentTCB                             0x20000064   Data           4  tasks.o(.bss..L_MergedGlobals)
    leds                                     0x20000148   Data           8  led_porting.o(.bss..L_MergedGlobals)
    buzzers                                  0x20000154   Data           4  buzzer_porting.o(.bss..L_MergedGlobals)
    buttons                                  0x20000190   Data           4  button_porting.o(.bss.buttons)
    hadc1                                    0x20000194   Data          72  adc.o(.bss.hadc1)
    hdma_usart1_rx                           0x200001dc   Data          96  usart.o(.bss.hdma_usart1_rx)
    hdma_usart1_tx                           0x2000023c   Data          96  usart.o(.bss.hdma_usart1_tx)
    htim11                                   0x2000029c   Data          72  tim.o(.bss.htim11)
    htim14                                   0x200002e4   Data          72  stm32f4xx_hal_timebase_tim.o(.bss.htim14)
    htim2                                    0x2000032c   Data          72  tim.o(.bss.htim2)
    htim4                                    0x20000374   Data          72  tim.o(.bss.htim4)
    huart1                                   0x200003bc   Data         116  usart.o(.bss.huart1)
    huart2                                   0x20000430   Data         116  usart.o(.bss.huart2)
    huart6                                   0x200004a4   Data         116  usart.o(.bss.huart6)
    lwmem_ram                                0x20000530   Data       65536  lwmem_porting.o(.bss.lwmem_ram)
    motors                                   0x20010530   Data           8  motor_porting.o(.bss.motors)
    packet_controller                        0x20010538   Data         340  packet_porting.o(.bss.packet_controller)
    pwm_servos                               0x2001097c   Data           8  pwm_servo_porting.o(.bss.pwm_servos)
    serial_servo_controller                  0x20010de4   Data          52  serial_servo_porting.o(.bss.serial_servo_controller)
    uwTick                                   0x20017128   Data           4  stm32f4xx_hal.o(.bss.uwTick)
    xQueueRegistry                           0x20017de4   Data          64  queue.o(.bss.xQueueRegistry)
    __initial_sp                             0x20018228   Data           0  startup_stm32f407xx.o(STACK)



==============================================================================

Memory Map of the image

  Image Entry point : 0x08000189

  Load Region LR_IROM1 (Base: 0x08000000, Size: 0x0000a710, Max: 0x00080000, ABSOLUTE)

    Execution Region ER_IROM1 (Exec base: 0x08000000, Load base: 0x08000000, Size: 0x0000a6dc, Max: 0x00080000, ABSOLUTE)

    Exec Addr    Load Addr    Size         Type   Attr      Idx    E Section Name        Object

    0x08000000   0x08000000   0x00000188   Data   RO            3    RESET               startup_stm32f407xx.o
    0x08000188   0x08000188   0x00000000   Code   RO         2285  * .ARM.Collect$$$$00000000  mc_w.l(entry.o)
    0x08000188   0x08000188   0x00000004   Code   RO         2575    .ARM.Collect$$$$00000001  mc_w.l(entry2.o)
    0x0800018c   0x0800018c   0x00000004   Code   RO         2578    .ARM.Collect$$$$00000004  mc_w.l(entry5.o)
    0x08000190   0x08000190   0x00000000   Code   RO         2580    .ARM.Collect$$$$00000008  mc_w.l(entry7b.o)
    0x08000190   0x08000190   0x00000000   Code   RO         2582    .ARM.Collect$$$$0000000A  mc_w.l(entry8b.o)
    0x08000190   0x08000190   0x00000008   Code   RO         2583    .ARM.Collect$$$$0000000B  mc_w.l(entry9a.o)
    0x08000198   0x08000198   0x00000000   Code   RO         2585    .ARM.Collect$$$$0000000D  mc_w.l(entry10a.o)
    0x08000198   0x08000198   0x00000000   Code   RO         2587    .ARM.Collect$$$$0000000F  mc_w.l(entry11a.o)
    0x08000198   0x08000198   0x00000004   Code   RO         2576    .ARM.Collect$$$$00002712  mc_w.l(entry2.o)
    0x0800019c   0x0800019c   0x00000024   Code   RO            4    .text               startup_stm32f407xx.o
    0x080001c0   0x080001c0   0x00000062   Code   RO         2298    .text               mc_w.l(uldiv.o)
    0x08000222   0x08000222   0x00000040   Code   RO         2302    .text               mc_w.l(memmovea.o)
    0x08000262   0x08000262   0x00000024   Code   RO         2304    .text               mc_w.l(memseta.o)
    0x08000286   0x08000286   0x0000002c   Code   RO         2598    .text               mc_w.l(uidiv.o)
    0x080002b2   0x080002b2   0x0000001e   Code   RO         2600    .text               mc_w.l(llshl.o)
    0x080002d0   0x080002d0   0x00000020   Code   RO         2602    .text               mc_w.l(llushr.o)
    0x080002f0   0x080002f0   0x00000024   Code   RO         2615    .text               mc_w.l(init.o)
    0x08000314   0x08000314   0x00000002   Code   RO          157    .text.BusFault_Handler  stm32f4xx_it.o
    0x08000316   0x08000316   0x00000002   PAD
    0x08000318   0x08000318   0x0000000c   Code   RO          169    .text.DMA2_Stream2_IRQHandler  stm32f4xx_it.o
    0x08000324   0x08000324   0x0000000c   Code   RO          171    .text.DMA2_Stream7_IRQHandler  stm32f4xx_it.o
    0x08000330   0x08000330   0x00000002   Code   RO          161    .text.DebugMon_Handler  stm32f4xx_it.o
    0x08000332   0x08000332   0x00000002   PAD
    0x08000334   0x08000334   0x0000000a   Code   RO           15    .text.Error_Handler  main.o
    0x0800033e   0x0800033e   0x00000002   PAD
    0x08000340   0x08000340   0x000001a4   Code   RO         2250    .text.EventRecordData  eventrecorder.o
    0x080004e4   0x080004e4   0x000002a8   Code   RO         2240    .text.EventRecordItem  eventrecorder.o
    0x0800078c   0x0800078c   0x00000a74   Code   RO         2236    .text.EventRecorderInitialize  eventrecorder.o
    0x08001200   0x08001200   0x00000086   Code   RO         2242    .text.EventRecorderStart  eventrecorder.o
    0x08001286   0x08001286   0x00000002   PAD
    0x08001288   0x08001288   0x0000000c   Code   RO         2234    .text.EventRecorderTimerGetCount  eventrecorder.o
    0x08001294   0x08001294   0x0000000c   Code   RO         2232    .text.EventRecorderTimerGetFreq  eventrecorder.o
    0x080012a0   0x080012a0   0x00000024   Code   RO         2230    .text.EventRecorderTimerSetup  eventrecorder.o
    0x080012c4   0x080012c4   0x00000146   Code   RO          248    .text.HAL_ADC_ConfigChannel  stm32f4xx_hal_adc.o
    0x0800140a   0x0800140a   0x00000002   PAD
    0x0800140c   0x0800140c   0x0000015e   Code   RO          206    .text.HAL_ADC_Init  stm32f4xx_hal_adc.o
    0x0800156a   0x0800156a   0x00000002   PAD
    0x0800156c   0x0800156c   0x00000064   Code   RO           80    .text.HAL_ADC_MspInit  adc.o
    0x080015d0   0x080015d0   0x0000008e   Code   RO          459    .text.HAL_DMA_Abort  stm32f4xx_hal_dma.o
    0x0800165e   0x0800165e   0x00000002   PAD
    0x08001660   0x08001660   0x00000024   Code   RO          461    .text.HAL_DMA_Abort_IT  stm32f4xx_hal_dma.o
    0x08001684   0x08001684   0x00000004   Code   RO          473    .text.HAL_DMA_GetError  stm32f4xx_hal_dma.o
    0x08001688   0x08001688   0x000001c0   Code   RO          465    .text.HAL_DMA_IRQHandler  stm32f4xx_hal_dma.o
    0x08001848   0x08001848   0x00000162   Code   RO          451    .text.HAL_DMA_Init  stm32f4xx_hal_dma.o
    0x080019aa   0x080019aa   0x00000002   PAD
    0x080019ac   0x080019ac   0x0000009e   Code   RO          457    .text.HAL_DMA_Start_IT  stm32f4xx_hal_dma.o
    0x08001a4a   0x08001a4a   0x00000002   PAD
    0x08001a4c   0x08001a4c   0x000001a6   Code   RO          413    .text.HAL_GPIO_Init  stm32f4xx_hal_gpio.o
    0x08001bf2   0x08001bf2   0x00000002   PAD
    0x08001bf4   0x08001bf4   0x0000000a   Code   RO          417    .text.HAL_GPIO_ReadPin  stm32f4xx_hal_gpio.o
    0x08001bfe   0x08001bfe   0x00000002   PAD
    0x08001c00   0x08001c00   0x0000000a   Code   RO          419    .text.HAL_GPIO_WritePin  stm32f4xx_hal_gpio.o
    0x08001c0a   0x08001c0a   0x00000002   PAD
    0x08001c0c   0x08001c0c   0x0000000c   Code   RO          604    .text.HAL_GetTick   stm32f4xx_hal.o
    0x08001c18   0x08001c18   0x0000001a   Code   RO          602    .text.HAL_IncTick   stm32f4xx_hal.o
    0x08001c32   0x08001c32   0x00000002   PAD
    0x08001c34   0x08001c34   0x00000036   Code   RO          592    .text.HAL_Init      stm32f4xx_hal.o
    0x08001c6a   0x08001c6a   0x00000002   PAD
    0x08001c6c   0x08001c6c   0x000000bc   Code   RO          191    .text.HAL_InitTick  stm32f4xx_hal_timebase_tim.o
    0x08001d28   0x08001d28   0x00000042   Code   RO          182    .text.HAL_MspInit   stm32f4xx_hal_msp.o
    0x08001d6a   0x08001d6a   0x00000002   PAD
    0x08001d6c   0x08001d6c   0x00000026   Code   RO          550    .text.HAL_NVIC_EnableIRQ  stm32f4xx_hal_cortex.o
    0x08001d92   0x08001d92   0x00000002   PAD
    0x08001d94   0x08001d94   0x00000056   Code   RO          548    .text.HAL_NVIC_SetPriority  stm32f4xx_hal_cortex.o
    0x08001dea   0x08001dea   0x00000002   PAD
    0x08001dec   0x08001dec   0x00000020   Code   RO          546    .text.HAL_NVIC_SetPriorityGrouping  stm32f4xx_hal_cortex.o
    0x08001e0c   0x08001e0c   0x00000002   Code   RO          329    .text.HAL_RCC_CSSCallback  stm32f4xx_hal_rcc.o
    0x08001e0e   0x08001e0e   0x00000002   PAD
    0x08001e10   0x08001e10   0x00000160   Code   RO          307    .text.HAL_RCC_ClockConfig  stm32f4xx_hal_rcc.o
    0x08001f70   0x08001f70   0x0000000c   Code   RO          313    .text.HAL_RCC_EnableCSS  stm32f4xx_hal_rcc.o
    0x08001f7c   0x08001f7c   0x0000003e   Code   RO          325    .text.HAL_RCC_GetClockConfig  stm32f4xx_hal_rcc.o
    0x08001fba   0x08001fba   0x00000002   PAD
    0x08001fbc   0x08001fbc   0x00000026   Code   RO          319    .text.HAL_RCC_GetPCLK1Freq  stm32f4xx_hal_rcc.o
    0x08001fe2   0x08001fe2   0x00000002   PAD
    0x08001fe4   0x08001fe4   0x00000026   Code   RO          321    .text.HAL_RCC_GetPCLK2Freq  stm32f4xx_hal_rcc.o
    0x0800200a   0x0800200a   0x00000002   PAD
    0x0800200c   0x0800200c   0x0000006c   Code   RO          309    .text.HAL_RCC_GetSysClockFreq  stm32f4xx_hal_rcc.o
    0x08002078   0x08002078   0x0000001c   Code   RO          327    .text.HAL_RCC_NMI_IRQHandler  stm32f4xx_hal_rcc.o
    0x08002094   0x08002094   0x00000374   Code   RO          305    .text.HAL_RCC_OscConfig  stm32f4xx_hal_rcc.o
    0x08002408   0x08002408   0x00000002   Code   RO          987    .text.HAL_TIMEx_BreakCallback  stm32f4xx_hal_tim_ex.o
    0x0800240a   0x0800240a   0x00000002   PAD
    0x0800240c   0x0800240c   0x00000002   Code   RO          983    .text.HAL_TIMEx_CommutCallback  stm32f4xx_hal_tim_ex.o
    0x0800240e   0x0800240e   0x00000002   PAD
    0x08002410   0x08002410   0x000000b6   Code   RO          977    .text.HAL_TIMEx_MasterConfigSynchronization  stm32f4xx_hal_tim_ex.o
    0x080024c6   0x080024c6   0x00000002   PAD
    0x080024c8   0x080024c8   0x0000005a   Code   RO          682    .text.HAL_TIM_Base_Init  stm32f4xx_hal_tim.o
    0x08002522   0x08002522   0x00000002   PAD
    0x08002524   0x08002524   0x0000005a   Code   RO          109    .text.HAL_TIM_Base_MspInit  tim.o
    0x0800257e   0x0800257e   0x00000002   PAD
    0x08002580   0x08002580   0x000000aa   Code   RO          696    .text.HAL_TIM_Base_Start_IT  stm32f4xx_hal_tim.o
    0x0800262a   0x0800262a   0x00000002   PAD
    0x0800262c   0x0800262c   0x0000019c   Code   RO          862    .text.HAL_TIM_ConfigClockSource  stm32f4xx_hal_tim.o
    0x080027c8   0x080027c8   0x00000002   Code   RO          818    .text.HAL_TIM_IC_CaptureCallback  stm32f4xx_hal_tim.o
    0x080027ca   0x080027ca   0x00000002   PAD
    0x080027cc   0x080027cc   0x00000170   Code   RO          816    .text.HAL_TIM_IRQHandler  stm32f4xx_hal_tim.o
    0x0800293c   0x0800293c   0x00000002   Code   RO          820    .text.HAL_TIM_OC_DelayElapsedCallback  stm32f4xx_hal_tim.o
    0x0800293e   0x0800293e   0x00000002   PAD
    0x08002940   0x08002940   0x00000222   Code   RO          836    .text.HAL_TIM_PWM_ConfigChannel  stm32f4xx_hal_tim.o
    0x08002b62   0x08002b62   0x00000002   PAD
    0x08002b64   0x08002b64   0x0000005a   Code   RO          736    .text.HAL_TIM_PWM_Init  stm32f4xx_hal_tim.o
    0x08002bbe   0x08002bbe   0x00000002   PAD
    0x08002bc0   0x08002bc0   0x00000036   Code   RO          111    .text.HAL_TIM_PWM_MspInit  tim.o
    0x08002bf6   0x08002bf6   0x00000002   PAD
    0x08002bf8   0x08002bf8   0x00000002   Code   RO          822    .text.HAL_TIM_PWM_PulseFinishedCallback  stm32f4xx_hal_tim.o
    0x08002bfa   0x08002bfa   0x00000002   PAD
    0x08002bfc   0x08002bfc   0x00000112   Code   RO          744    .text.HAL_TIM_PWM_Start  stm32f4xx_hal_tim.o
    0x08002d0e   0x08002d0e   0x00000002   PAD
    0x08002d10   0x08002d10   0x000000aa   Code   RO          746    .text.HAL_TIM_PWM_Stop  stm32f4xx_hal_tim.o
    0x08002dba   0x08002dba   0x00000002   PAD
    0x08002dbc   0x08002dbc   0x00000014   Code   RO           17    .text.HAL_TIM_PeriodElapsedCallback  main.o
    0x08002dd0   0x08002dd0   0x00000002   Code   RO          826    .text.HAL_TIM_TriggerCallback  stm32f4xx_hal_tim.o
    0x08002dd2   0x08002dd2   0x00000002   PAD
    0x08002dd4   0x08002dd4   0x000001e2   Code   RO         1077    .text.HAL_UARTEx_ReceiveToIdle_DMA  stm32f4xx_hal_uart.o
    0x08002fb6   0x08002fb6   0x00000002   PAD
    0x08002fb8   0x08002fb8   0x00000002   Code   RO         1043    .text.HAL_UARTEx_RxEventCallback  stm32f4xx_hal_uart.o
    0x08002fba   0x08002fba   0x00000002   PAD
    0x08002fbc   0x08002fbc   0x00000002   Code   RO         1033    .text.HAL_UART_AbortCpltCallback  stm32f4xx_hal_uart.o
    0x08002fbe   0x08002fbe   0x00000002   PAD
    0x08002fc0   0x08002fc0   0x0000016e   Code   RO         1083    .text.HAL_UART_AbortReceive  stm32f4xx_hal_uart.o
    0x0800312e   0x0800312e   0x00000002   PAD
    0x08003130   0x08003130   0x00000002   Code   RO         1037    .text.HAL_UART_AbortReceiveCpltCallback  stm32f4xx_hal_uart.o
    0x08003132   0x08003132   0x00000002   PAD
    0x08003134   0x08003134   0x00000002   Code   RO         1035    .text.HAL_UART_AbortTransmitCpltCallback  stm32f4xx_hal_uart.o
    0x08003136   0x08003136   0x00000002   PAD
    0x08003138   0x08003138   0x00000002   Code   RO         1031    .text.HAL_UART_ErrorCallback  stm32f4xx_hal_uart.o
    0x0800313a   0x0800313a   0x00000002   PAD
    0x0800313c   0x0800313c   0x00000548   Code   RO         1099    .text.HAL_UART_IRQHandler  stm32f4xx_hal_uart.o
    0x08003684   0x08003684   0x000000c8   Code   RO         1001    .text.HAL_UART_Init  stm32f4xx_hal_uart.o
    0x0800374c   0x0800374c   0x000001c2   Code   RO          134    .text.HAL_UART_MspInit  usart.o
    0x0800390e   0x0800390e   0x00000002   PAD
    0x08003910   0x08003910   0x0000008e   Code   RO         1019    .text.HAL_UART_RegisterCallback  stm32f4xx_hal_uart.o
    0x0800399e   0x0800399e   0x00000002   PAD
    0x080039a0   0x080039a0   0x00000044   Code   RO         1039    .text.HAL_UART_RegisterRxEventCallback  stm32f4xx_hal_uart.o
    0x080039e4   0x080039e4   0x00000002   Code   RO         1029    .text.HAL_UART_RxCpltCallback  stm32f4xx_hal_uart.o
    0x080039e6   0x080039e6   0x00000002   PAD
    0x080039e8   0x080039e8   0x00000002   Code   RO         1027    .text.HAL_UART_RxHalfCpltCallback  stm32f4xx_hal_uart.o
    0x080039ea   0x080039ea   0x00000002   PAD
    0x080039ec   0x080039ec   0x00000286   Code   RO         1045    .text.HAL_UART_Transmit  stm32f4xx_hal_uart.o
    0x08003c72   0x08003c72   0x00000002   PAD
    0x08003c74   0x08003c74   0x000000c8   Code   RO         1055    .text.HAL_UART_Transmit_DMA  stm32f4xx_hal_uart.o
    0x08003d3c   0x08003d3c   0x00000002   Code   RO         1025    .text.HAL_UART_TxCpltCallback  stm32f4xx_hal_uart.o
    0x08003d3e   0x08003d3e   0x00000002   PAD
    0x08003d40   0x08003d40   0x00000002   Code   RO         1023    .text.HAL_UART_TxHalfCpltCallback  stm32f4xx_hal_uart.o
    0x08003d42   0x08003d42   0x00000002   PAD
    0x08003d44   0x08003d44   0x00000002   Code   RO          153    .text.HardFault_Handler  stm32f4xx_it.o
    0x08003d46   0x08003d46   0x00000002   PAD
    0x08003d48   0x08003d48   0x0000006a   Code   RO           78    .text.MX_ADC1_Init  adc.o
    0x08003db2   0x08003db2   0x00000002   PAD
    0x08003db4   0x08003db4   0x00000024   Code   RO           93    .text.MX_DMA_Init   dma.o
    0x08003dd8   0x08003dd8   0x00000126   Code   RO           39    .text.MX_FREERTOS_Init  freertos.o
    0x08003efe   0x08003efe   0x00000002   PAD
    0x08003f00   0x08003f00   0x00000146   Code   RO           28    .text.MX_GPIO_Init  gpio.o
    0x08004046   0x08004046   0x00000002   PAD
    0x08004048   0x08004048   0x0000012e   Code   RO          107    .text.MX_TIM11_Init  tim.o
    0x08004176   0x08004176   0x00000002   PAD
    0x08004178   0x08004178   0x000001cc   Code   RO          101    .text.MX_TIM2_Init  tim.o
    0x08004344   0x08004344   0x0000018e   Code   RO          105    .text.MX_TIM4_Init  tim.o
    0x080044d2   0x080044d2   0x00000002   PAD
    0x080044d4   0x080044d4   0x00000040   Code   RO          128    .text.MX_USART1_UART_Init  usart.o
    0x08004514   0x08004514   0x0000003c   Code   RO          130    .text.MX_USART2_UART_Init  usart.o
    0x08004550   0x08004550   0x0000003c   Code   RO          132    .text.MX_USART6_UART_Init  usart.o
    0x0800458c   0x0800458c   0x00000002   Code   RO          155    .text.MemManage_Handler  stm32f4xx_it.o
    0x0800458e   0x0800458e   0x00000002   PAD
    0x08004590   0x08004590   0x00000006   Code   RO          151    .text.NMI_Handler   stm32f4xx_it.o
    0x08004596   0x08004596   0x0000000a   PAD
    0x080045a0   0x080045a0   0x00000064   Code   RO         1702    .text.PendSV_Handler  port.o
    0x08004604   0x08004604   0x0000000c   PAD
    0x08004610   0x08004610   0x00000024   Code   RO         1686    .text.SVC_Handler   port.o
    0x08004634   0x08004634   0x00000008   Code   RO           47    .text.StartDefaultTask  freertos.o
    0x0800463c   0x0800463c   0x0000001e   Code   RO         1495    .text.SysTick_Handler  cmsis_os2.o
    0x0800465a   0x0800465a   0x00000002   PAD
    0x0800465c   0x0800465c   0x000000b4   Code   RO           13    .text.SystemClock_Config  main.o
    0x08004710   0x08004710   0x00000012   Code   RO         1131    .text.SystemInit    system_stm32f4xx.o
    0x08004722   0x08004722   0x00000002   PAD
    0x08004724   0x08004724   0x00000004   Code   RO          163    .text.TIM2_IRQHandler  stm32f4xx_it.o
    0x08004728   0x08004728   0x0000000c   Code   RO          167    .text.TIM8_TRG_COM_TIM14_IRQHandler  stm32f4xx_it.o
    0x08004734   0x08004734   0x0000013c   Code   RO          686    .text.TIM_Base_SetConfig  stm32f4xx_hal_tim.o
    0x08004870   0x08004870   0x00000018   Code   RO         1561    .text.TimerCallback  cmsis_os2.o
    0x08004888   0x08004888   0x0000000c   Code   RO         1103    .text.UART_DMAAbortOnError  stm32f4xx_hal_uart.o
    0x08004894   0x08004894   0x0000017c   Code   RO         1061    .text.UART_DMAError  stm32f4xx_hal_uart.o
    0x08004a10   0x08004a10   0x0000015c   Code   RO         1119    .text.UART_DMAReceiveCplt  stm32f4xx_hal_uart.o
    0x08004b6c   0x08004b6c   0x00000014   Code   RO         1121    .text.UART_DMARxHalfCplt  stm32f4xx_hal_uart.o
    0x08004b80   0x08004b80   0x000000b0   Code   RO         1057    .text.UART_DMATransmitCplt  stm32f4xx_hal_uart.o
    0x08004c30   0x08004c30   0x00000006   Code   RO         1059    .text.UART_DMATxHalfCplt  stm32f4xx_hal_uart.o
    0x08004c36   0x08004c36   0x00000002   PAD
    0x08004c38   0x08004c38   0x000000fe   Code   RO         1101    .text.UART_Receive_IT  stm32f4xx_hal_uart.o
    0x08004d36   0x08004d36   0x00000002   PAD
    0x08004d38   0x08004d38   0x000000ee   Code   RO         1007    .text.UART_SetConfig  stm32f4xx_hal_uart.o
    0x08004e26   0x08004e26   0x00000002   PAD
    0x08004e28   0x08004e28   0x00000012   Code   RO          165    .text.USART1_IRQHandler  stm32f4xx_it.o
    0x08004e3a   0x08004e3a   0x00000002   PAD
    0x08004e3c   0x08004e3c   0x00000004   Code   RO          173    .text.USART6_IRQHandler  stm32f4xx_it.o
    0x08004e40   0x08004e40   0x00000002   Code   RO          159    .text.UsageFault_Handler  stm32f4xx_it.o
    0x08004e42   0x08004e42   0x00000002   PAD
    0x08004e44   0x08004e44   0x0000006a   Code   RO         2202    .text.app_main      app.o
    0x08004eae   0x08004eae   0x00000002   PAD
    0x08004eb0   0x08004eb0   0x00000002   Code   RO         1916    .text.button_defalut_event_callback  button.o
    0x08004eb2   0x08004eb2   0x00000002   PAD
    0x08004eb4   0x08004eb4   0x00000098   Code   RO         2200    .text.button_event_callback  app.o
    0x08004f4c   0x08004f4c   0x0000002a   Code   RO         1918    .text.button_object_init  button.o
    0x08004f76   0x08004f76   0x00000002   PAD
    0x08004f78   0x08004f78   0x00000022   Code   RO         2089    .text.button_read_pin  button_porting.o
    0x08004f9a   0x08004f9a   0x00000002   PAD
    0x08004f9c   0x08004f9c   0x00000008   Code   RO         1914    .text.button_register_callback  button.o
    0x08004fa4   0x08004fa4   0x00000100   Code   RO         1912    .text.button_task_handler  button.o
    0x080050a4   0x080050a4   0x00000010   Code   RO         2091    .text.button_timer_callback  button_porting.o
    0x080050b4   0x080050b4   0x00000042   Code   RO         2087    .text.buttons_init  button_porting.o
    0x080050f6   0x080050f6   0x00000002   PAD
    0x080050f8   0x080050f8   0x0000001e   Code   RO         1953    .text.buzzer_didi   buzzer.o
    0x08005116   0x08005116   0x00000002   PAD
    0x08005118   0x08005118   0x00000006   Code   RO         1955    .text.buzzer_object_init  buzzer.o
    0x0800511e   0x0800511e   0x00000002   PAD
    0x08005120   0x08005120   0x0000004a   Code   RO         2104    .text.buzzer_set_pwm  buzzer_porting.o
    0x0800516a   0x0800516a   0x00000002   PAD
    0x0800516c   0x0800516c   0x000000a2   Code   RO         1947    .text.buzzer_task_handler  buzzer.o
    0x0800520e   0x0800520e   0x00000002   PAD
    0x08005210   0x08005210   0x00000010   Code   RO         2110    .text.buzzer_timer_callback  buzzer_porting.o
    0x08005220   0x08005220   0x00000078   Code   RO         2102    .text.buzzers_init  buzzer_porting.o
    0x08005298   0x08005298   0x00000082   Code   RO         2037    .text.checksum_crc8  checksum.o
    0x0800531a   0x0800531a   0x00000002   PAD
    0x0800531c   0x0800531c   0x0000004a   Code   RO         2267    .text.fputc         retarget_io.o
    0x08005366   0x08005366   0x00000002   PAD
    0x08005368   0x08005368   0x00000016   Code   RO         2072    .text.get_ctrl_block  led_porting.o
    0x0800537e   0x0800537e   0x00000002   PAD
    0x08005380   0x08005380   0x00000012   Code   RO         2106    .text.get_ctrl_block  buzzer_porting.o
    0x08005392   0x08005392   0x00000002   PAD
    0x08005394   0x08005394   0x00000016   Code   RO         1934    .text.led_flash     led.o
    0x080053aa   0x080053aa   0x00000002   PAD
    0x080053ac   0x080053ac   0x00000006   Code   RO         1936    .text.led_object_init  led.o
    0x080053b2   0x080053b2   0x00000002   PAD
    0x080053b4   0x080053b4   0x00000038   Code   RO         2070    .text.led_set_pin   led_porting.o
    0x080053ec   0x080053ec   0x00000098   Code   RO         1928    .text.led_task_handler  led.o
    0x08005484   0x08005484   0x0000001e   Code   RO         2076    .text.led_timer_callback  led_porting.o
    0x080054a2   0x080054a2   0x00000002   PAD
    0x080054a4   0x080054a4   0x00000084   Code   RO         2068    .text.leds_init     led_porting.o
    0x08005528   0x08005528   0x000001e8   Code   RO         1785    .text.lwmem_assignmem_ex  lwmem.o
    0x08005710   0x08005710   0x000000d0   Code   RO         1797    .text.lwmem_free_ex  lwmem.o
    0x080057e0   0x080057e0   0x0000003a   Code   RO         1787    .text.lwmem_malloc_ex  lwmem.o
    0x0800581a   0x0800581a   0x00000002   PAD
    0x0800581c   0x0800581c   0x0000003c   Code   RO         1812    .text.lwmem_sys_mutex_create  lwmem_sys_cmsis_os.o
    0x08005858   0x08005858   0x0000000a   Code   RO         1814    .text.lwmem_sys_mutex_isvalid  lwmem_sys_cmsis_os.o
    0x08005862   0x08005862   0x00000002   PAD
    0x08005864   0x08005864   0x00000010   Code   RO         1818    .text.lwmem_sys_mutex_release  lwmem_sys_cmsis_os.o
    0x08005874   0x08005874   0x00000014   Code   RO         1816    .text.lwmem_sys_mutex_wait  lwmem_sys_cmsis_os.o
    0x08005888   0x08005888   0x00000060   Code   RO         1867    .text.lwrb_get_full  lwrb.o
    0x080058e8   0x080058e8   0x0000003a   Code   RO         1853    .text.lwrb_init     lwrb.o
    0x08005922   0x08005922   0x00000002   PAD
    0x08005924   0x08005924   0x000000ec   Code   RO         1865    .text.lwrb_read     lwrb.o
    0x08005a10   0x08005a10   0x000000ec   Code   RO         1861    .text.lwrb_write    lwrb.o
    0x08005afc   0x08005afc   0x000000aa   Code   RO           11    .text.main          main.o
    0x08005ba6   0x08005ba6   0x00000002   PAD
    0x08005ba8   0x08005ba8   0x00000078   Code   RO         2187    .text.motor1_set_pulse  motor_porting.o
    0x08005c20   0x08005c20   0x00000078   Code   RO         2189    .text.motor2_set_pulse  motor_porting.o
    0x08005c98   0x08005c98   0x00000062   Code   RO         2185    .text.motors_init   motor_porting.o
    0x08005cfa   0x08005cfa   0x00000002   PAD
    0x08005cfc   0x08005cfc   0x00000020   Code   RO         1555    .text.osDelay       cmsis_os2.o
    0x08005d1c   0x08005d1c   0x00000028   Code   RO         1497    .text.osKernelInitialize  cmsis_os2.o
    0x08005d44   0x08005d44   0x0000003c   Code   RO         1503    .text.osKernelStart  cmsis_os2.o
    0x08005d80   0x08005d80   0x00000088   Code   RO         1609    .text.osMessageQueueGet  cmsis_os2.o
    0x08005e08   0x08005e08   0x00000094   Code   RO         1605    .text.osMessageQueueNew  cmsis_os2.o
    0x08005e9c   0x08005e9c   0x000000a8   Code   RO         1607    .text.osMessageQueuePut  cmsis_os2.o
    0x08005f44   0x08005f44   0x00000054   Code   RO         1587    .text.osMutexAcquire  cmsis_os2.o
    0x08005f98   0x08005f98   0x00000078   Code   RO         1585    .text.osMutexNew    cmsis_os2.o
    0x08006010   0x08006010   0x0000004a   Code   RO         1589    .text.osMutexRelease  cmsis_os2.o
    0x0800605a   0x0800605a   0x00000002   PAD
    0x0800605c   0x0800605c   0x0000006c   Code   RO         1597    .text.osSemaphoreAcquire  cmsis_os2.o
    0x080060c8   0x080060c8   0x000000b8   Code   RO         1595    .text.osSemaphoreNew  cmsis_os2.o
    0x08006180   0x08006180   0x00000064   Code   RO         1599    .text.osSemaphoreRelease  cmsis_os2.o
    0x080061e4   0x080061e4   0x000000b2   Code   RO         1519    .text.osThreadNew   cmsis_os2.o
    0x08006296   0x08006296   0x00000002   PAD
    0x08006298   0x08006298   0x00000092   Code   RO         1559    .text.osTimerNew    cmsis_os2.o
    0x0800632a   0x0800632a   0x00000002   PAD
    0x0800632c   0x0800632c   0x0000003a   Code   RO         1565    .text.osTimerStart  cmsis_os2.o
    0x08006366   0x08006366   0x00000002   PAD
    0x08006368   0x08006368   0x00000028   Code   RO         2216    .text.packet_buzzer_handle  packet_handle.o
    0x08006390   0x08006390   0x00000062   Code   RO         2166    .text.packet_dma_receive_event_callback  packet_porting.o
    0x080063f2   0x080063f2   0x00000002   PAD
    0x080063f4   0x080063f4   0x0000006a   Code   RO         2172    .text.packet_dma_transmit_finished  packet_porting.o
    0x0800645e   0x0800645e   0x00000002   PAD
    0x08006460   0x08006460   0x0000004e   Code   RO         2212    .text.packet_handle_init  packet_handle.o
    0x080064ae   0x080064ae   0x00000002   PAD
    0x080064b0   0x080064b0   0x00000074   Code   RO         2158    .text.packet_init   packet_porting.o
    0x08006524   0x08006524   0x0000002a   Code   RO         2214    .text.packet_led_handle  packet_handle.o
    0x0800654e   0x0800654e   0x00000002   PAD
    0x08006550   0x08006550   0x0000002a   Code   RO         2220    .text.packet_motor_handle  packet_handle.o
    0x0800657a   0x0800657a   0x00000002   PAD
    0x0800657c   0x0800657c   0x0000014a   Code   RO         2054    .text.packet_recv   packet.o
    0x080066c6   0x080066c6   0x00000002   PAD
    0x080066c8   0x080066c8   0x0000000e   Code   RO         2052    .text.packet_register_callback  packet.o
    0x080066d6   0x080066d6   0x00000002   PAD
    0x080066d8   0x080066d8   0x00000072   Code   RO         2168    .text.packet_rx_task_entry  packet_porting.o
    0x0800674a   0x0800674a   0x00000002   PAD
    0x0800674c   0x0800674c   0x00000344   Code   RO         2218    .text.packet_serial_servo_handle  packet_handle.o
    0x08006a90   0x08006a90   0x00000060   Code   RO         2058    .text.packet_transmit  packet.o
    0x08006af0   0x08006af0   0x00000062   Code   RO         2170    .text.packet_tx_task_entry  packet_porting.o
    0x08006b52   0x08006b52   0x00000002   PAD
    0x08006b54   0x08006b54   0x00000050   Code   RO         2164    .text.packet_uart_error_callblack  packet_porting.o
    0x08006ba4   0x08006ba4   0x0000028a   Code   RO         1330    .text.prvAddNewTaskToReadyList  tasks.o
    0x08006e2e   0x08006e2e   0x00000002   PAD
    0x08006e30   0x08006e30   0x00000086   Code   RO         1362    .text.prvIdleTask   tasks.o
    0x08006eb6   0x08006eb6   0x00000002   PAD
    0x08006eb8   0x08006eb8   0x00000128   Code   RO         1328    .text.prvInitialiseNewTask  tasks.o
    0x08006fe0   0x08006fe0   0x000000ae   Code   RO         1451    .text.prvInitialiseNewTimer  timers.o
    0x0800708e   0x0800708e   0x00000002   PAD
    0x08007090   0x08007090   0x00000028   Code   RO         1694    .text.prvPortStartFirstTask  port.o
    0x080070b8   0x080070b8   0x0000003e   Code   RO         1684    .text.prvTaskExitError  port.o
    0x080070f6   0x080070f6   0x00000002   PAD
    0x080070f8   0x080070f8   0x0000038a   Code   RO         1447    .text.prvTimerTask  timers.o
    0x08007482   0x08007482   0x00000002   PAD
    0x08007484   0x08007484   0x00000074   Code   RO         1227    .text.prvUnlockQueue  queue.o
    0x080074f8   0x080074f8   0x00000146   Code   RO         1789    .text.prv_alloc     lwmem.o
    0x0800763e   0x0800763e   0x00000002   PAD
    0x08007640   0x08007640   0x00000016   Code   RO         2074    .text.put_ctrl_block  led_porting.o
    0x08007656   0x08007656   0x00000002   PAD
    0x08007658   0x08007658   0x00000012   Code   RO         2108    .text.put_ctrl_block  buzzer_porting.o
    0x0800766a   0x0800766a   0x00000002   PAD
    0x0800766c   0x0800766c   0x000001f0   Code   RO         1660    .text.pvPortMalloc  heap_4.o
    0x0800785c   0x0800785c   0x00000018   Code   RO         1418    .text.pvTaskIncrementMutexHeldCount  tasks.o
    0x08007874   0x08007874   0x00000026   Code   RO         1471    .text.pvTimerGetTimerID  timers.o
    0x0800789a   0x0800789a   0x00000002   PAD
    0x0800789c   0x0800789c   0x00000084   Code   RO         1965    .text.pwm_servo_duty_compare  pwm_servo.o
    0x08007920   0x08007920   0x00000032   Code   RO         2132    .text.pwm_servo_hw_timer_irq  pwm_servo_porting.o
    0x08007952   0x08007952   0x00000002   PAD
    0x08007954   0x08007954   0x00000028   Code   RO         1682    .text.pxPortInitialiseStack  port.o
    0x0800797c   0x0800797c   0x0000001e   Code   RO         2160    .text.send_packet   packet_porting.o
    0x0800799a   0x0800799a   0x00000002   PAD
    0x0800799c   0x0800799c   0x00000024   Code   RO         2017    .text.serial_servo_controller_object_init  serial_servo.o
    0x080079c0   0x080079c0   0x00000086   Code   RO         2143    .text.serial_servo_init  serial_servo_porting.o
    0x08007a46   0x08007a46   0x00000002   PAD
    0x08007a48   0x08007a48   0x0000036c   Code   RO         2147    .text.serial_servo_irq_handler  serial_servo_porting.o
    0x08007db4   0x08007db4   0x00000038   Code   RO         1997    .text.serial_servo_load_unload  serial_servo.o
    0x08007dec   0x08007dec   0x0000004e   Code   RO         2001    .text.serial_servo_read_angle_limit  serial_servo.o
    0x08007e3a   0x08007e3a   0x00000002   PAD
    0x08007e3c   0x08007e3c   0x0000004a   Code   RO         1993    .text.serial_servo_read_deviation  serial_servo.o
    0x08007e86   0x08007e86   0x00000002   PAD
    0x08007e88   0x08007e88   0x0000004a   Code   RO         1983    .text.serial_servo_read_id  serial_servo.o
    0x08007ed2   0x08007ed2   0x00000002   PAD
    0x08007ed4   0x08007ed4   0x0000004a   Code   RO         2009    .text.serial_servo_read_load_unload  serial_servo.o
    0x08007f1e   0x08007f1e   0x00000002   PAD
    0x08007f20   0x08007f20   0x0000004a   Code   RO         1987    .text.serial_servo_read_position  serial_servo.o
    0x08007f6a   0x08007f6a   0x00000002   PAD
    0x08007f6c   0x08007f6c   0x0000004a   Code   RO         2007    .text.serial_servo_read_temp  serial_servo.o
    0x08007fb6   0x08007fb6   0x00000002   PAD
    0x08007fb8   0x08007fb8   0x0000004a   Code   RO         2005    .text.serial_servo_read_temp_limit  serial_servo.o
    0x08008002   0x08008002   0x00000002   PAD
    0x08008004   0x08008004   0x0000004a   Code   RO         2015    .text.serial_servo_read_vin  serial_servo.o
    0x0800804e   0x0800804e   0x00000002   PAD
    0x08008050   0x08008050   0x0000004e   Code   RO         2013    .text.serial_servo_read_vin_limit  serial_servo.o
    0x0800809e   0x0800809e   0x00000002   PAD
    0x080080a0   0x080080a0   0x00000034   Code   RO         1995    .text.serial_servo_save_deviation  serial_servo.o
    0x080080d4   0x080080d4   0x00000074   Code   RO         1999    .text.serial_servo_set_angle_limit  serial_servo.o
    0x08008148   0x08008148   0x00000038   Code   RO         1991    .text.serial_servo_set_deviation  serial_servo.o
    0x08008180   0x08008180   0x00000038   Code   RO         1981    .text.serial_servo_set_id  serial_servo.o
    0x080081b8   0x080081b8   0x00000060   Code   RO         1985    .text.serial_servo_set_position  serial_servo.o
    0x08008218   0x08008218   0x0000003e   Code   RO         2003    .text.serial_servo_set_temp_limit  serial_servo.o
    0x08008256   0x08008256   0x00000002   PAD
    0x08008258   0x08008258   0x00000074   Code   RO         2011    .text.serial_servo_set_vin_limit  serial_servo.o
    0x080082cc   0x080082cc   0x00000034   Code   RO         1989    .text.serial_servo_stop  serial_servo.o
    0x08008300   0x08008300   0x000000e0   Code   RO         2145    .text.serial_write_and_read  serial_servo_porting.o
    0x080083e0   0x080083e0   0x00000024   Code   RO         1191    .text.uxListRemove  list.o
    0x08008404   0x08008404   0x0000001c   Code   RO         1643    .text.vApplicationGetIdleTaskMemory  cmsis_os2.o
    0x08008420   0x08008420   0x0000001c   Code   RO         1645    .text.vApplicationGetTimerTaskMemory  cmsis_os2.o
    0x0800843c   0x0800843c   0x00000002   Code   RO           37    .text.vApplicationMallocFailedHook  freertos.o
    0x0800843e   0x0800843e   0x00000002   PAD
    0x08008440   0x08008440   0x00000016   Code   RO         1183    .text.vListInitialise  list.o
    0x08008456   0x08008456   0x00000002   PAD
    0x08008458   0x08008458   0x00000006   Code   RO         1185    .text.vListInitialiseItem  list.o
    0x0800845e   0x0800845e   0x00000002   PAD
    0x08008460   0x08008460   0x00000062   Code   RO         1189    .text.vListInsert   list.o
    0x080084c2   0x080084c2   0x00000002   PAD
    0x080084c4   0x080084c4   0x0000001c   Code   RO         1187    .text.vListInsertEnd  list.o
    0x080084e0   0x080084e0   0x00000014   Code   RO         1692    .text.vPortEnableVFP  port.o
    0x080084f4   0x080084f4   0x00000046   Code   RO         1698    .text.vPortEnterCritical  port.o
    0x0800853a   0x0800853a   0x00000002   PAD
    0x0800853c   0x0800853c   0x0000002e   Code   RO         1700    .text.vPortExitCritical  port.o
    0x0800856a   0x0800856a   0x00000002   PAD
    0x0800856c   0x0800856c   0x000000d4   Code   RO         1662    .text.vPortFree     heap_4.o
    0x08008640   0x08008640   0x00000034   Code   RO         1690    .text.vPortSetupTimerInterrupt  port.o
    0x08008674   0x08008674   0x0000005e   Code   RO         1706    .text.vPortValidateInterruptPriority  port.o
    0x080086d2   0x080086d2   0x00000002   PAD
    0x080086d4   0x080086d4   0x000000b0   Code   RO         1261    .text.vQueueAddToRegistry  queue.o
    0x08008784   0x08008784   0x000000a8   Code   RO         1247    .text.vQueueDelete  queue.o
    0x0800882c   0x0800882c   0x00000052   Code   RO         1265    .text.vQueueWaitForMessageRestricted  queue.o
    0x0800887e   0x0800887e   0x00000002   PAD
    0x08008880   0x08008880   0x00000080   Code   RO         1342    .text.vTaskDelay    tasks.o
    0x08008900   0x08008900   0x00000012   Code   RO         1392    .text.vTaskInternalSetTimeOutState  tasks.o
    0x08008912   0x08008912   0x00000002   PAD
    0x08008914   0x08008914   0x0000000e   Code   RO         1396    .text.vTaskMissedYield  tasks.o
    0x08008922   0x08008922   0x00000002   PAD
    0x08008924   0x08008924   0x00000074   Code   RO         1380    .text.vTaskPlaceOnEventList  tasks.o
    0x08008998   0x08008998   0x0000007a   Code   RO         1384    .text.vTaskPlaceOnEventListRestricted  tasks.o
    0x08008a12   0x08008a12   0x00000002   PAD
    0x08008a14   0x08008a14   0x000000a2   Code   RO         1414    .text.vTaskPriorityDisinheritAfterTimeout  tasks.o
    0x08008ab6   0x08008ab6   0x00000002   PAD
    0x08008ab8   0x08008ab8   0x000000f0   Code   RO         1360    .text.vTaskStartScheduler  tasks.o
    0x08008ba8   0x08008ba8   0x00000010   Code   RO         1338    .text.vTaskSuspendAll  tasks.o
    0x08008bb8   0x08008bb8   0x000000bc   Code   RO         1354    .text.vTaskSwitchContext  tasks.o
    0x08008c74   0x08008c74   0x00000184   Code   RO         1688    .text.xPortStartScheduler  port.o
    0x08008df8   0x08008df8   0x0000002e   Code   RO         1704    .text.xPortSysTickHandler  port.o
    0x08008e26   0x08008e26   0x00000002   PAD
    0x08008e28   0x08008e28   0x00000044   Code   RO         1225    .text.xQueueCreateCountingSemaphore  queue.o
    0x08008e6c   0x08008e6c   0x000000c2   Code   RO         1223    .text.xQueueCreateCountingSemaphoreStatic  queue.o
    0x08008f2e   0x08008f2e   0x00000002   PAD
    0x08008f30   0x08008f30   0x00000070   Code   RO         1207    .text.xQueueCreateMutex  queue.o
    0x08008fa0   0x08008fa0   0x000000a2   Code   RO         1209    .text.xQueueCreateMutexStatic  queue.o
    0x08009042   0x08009042   0x00000002   PAD
    0x08009044   0x08009044   0x00000086   Code   RO         1205    .text.xQueueGenericCreate  queue.o
    0x080090ca   0x080090ca   0x00000002   PAD
    0x080090cc   0x080090cc   0x000000de   Code   RO         1203    .text.xQueueGenericCreateStatic  queue.o
    0x080091aa   0x080091aa   0x00000002   PAD
    0x080091ac   0x080091ac   0x0000022a   Code   RO         1217    .text.xQueueGenericSend  queue.o
    0x080093d6   0x080093d6   0x00000002   PAD
    0x080093d8   0x080093d8   0x00000158   Code   RO         1229    .text.xQueueGenericSendFromISR  queue.o
    0x08009530   0x08009530   0x000000c8   Code   RO         1231    .text.xQueueGiveFromISR  queue.o
    0x080095f8   0x080095f8   0x00000042   Code   RO         1215    .text.xQueueGiveMutexRecursive  queue.o
    0x0800963a   0x0800963a   0x00000002   PAD
    0x0800963c   0x0800963c   0x000001a2   Code   RO         1233    .text.xQueueReceive  queue.o
    0x080097de   0x080097de   0x00000002   PAD
    0x080097e0   0x080097e0   0x000000e4   Code   RO         1237    .text.xQueueReceiveFromISR  queue.o
    0x080098c4   0x080098c4   0x000001da   Code   RO         1221    .text.xQueueSemaphoreTake  queue.o
    0x08009a9e   0x08009a9e   0x00000002   PAD
    0x08009aa0   0x08009aa0   0x00000048   Code   RO         1219    .text.xQueueTakeMutexRecursive  queue.o
    0x08009ae8   0x08009ae8   0x000000a2   Code   RO         1394    .text.xTaskCheckForTimeOut  tasks.o
    0x08009b8a   0x08009b8a   0x00000002   PAD
    0x08009b8c   0x08009b8c   0x00000060   Code   RO         1332    .text.xTaskCreate   tasks.o
    0x08009bec   0x08009bec   0x00000076   Code   RO         1326    .text.xTaskCreateStatic  tasks.o
    0x08009c62   0x08009c62   0x00000002   PAD
    0x08009c64   0x08009c64   0x0000000c   Code   RO         1406    .text.xTaskGetCurrentTaskHandle  tasks.o
    0x08009c70   0x08009c70   0x0000001e   Code   RO         1408    .text.xTaskGetSchedulerState  tasks.o
    0x08009c8e   0x08009c8e   0x00000002   PAD
    0x08009c90   0x08009c90   0x0000000c   Code   RO         1368    .text.xTaskGetTickCount  tasks.o
    0x08009c9c   0x08009c9c   0x00000104   Code   RO         1366    .text.xTaskIncrementTick  tasks.o
    0x08009da0   0x08009da0   0x0000008a   Code   RO         1412    .text.xTaskPriorityDisinherit  tasks.o
    0x08009e2a   0x08009e2a   0x00000002   PAD
    0x08009e2c   0x08009e2c   0x00000092   Code   RO         1410    .text.xTaskPriorityInherit  tasks.o
    0x08009ebe   0x08009ebe   0x00000002   PAD
    0x08009ec0   0x08009ec0   0x00000072   Code   RO         1386    .text.xTaskRemoveFromEventList  tasks.o
    0x08009f32   0x08009f32   0x00000002   PAD
    0x08009f34   0x08009f34   0x000000ee   Code   RO         1340    .text.xTaskResumeAll  tasks.o
    0x0800a022   0x0800a022   0x00000002   PAD
    0x0800a024   0x0800a024   0x00000038   Code   RO         1449    .text.xTimerCreate  timers.o
    0x0800a05c   0x0800a05c   0x00000052   Code   RO         1453    .text.xTimerCreateStatic  timers.o
    0x0800a0ae   0x0800a0ae   0x00000002   PAD
    0x0800a0b0   0x0800a0b0   0x000000b4   Code   RO         1445    .text.xTimerCreateTimerTask  timers.o
    0x0800a164   0x0800a164   0x00000076   Code   RO         1455    .text.xTimerGenericCommand  timers.o
    0x0800a1da   0x0800a1da   0x00000002   PAD
    0x0800a1dc   0x0800a1dc   0x00000020   Code   RO         2359    i.__0printf$1       mc_w.l(printf1.o)
    0x0800a1fc   0x0800a1fc   0x0000000e   Code   RO         2623    i.__scatterload_copy  mc_w.l(handlers.o)
    0x0800a20a   0x0800a20a   0x00000002   Code   RO         2624    i.__scatterload_null  mc_w.l(handlers.o)
    0x0800a20c   0x0800a20c   0x0000000e   Code   RO         2625    i.__scatterload_zeroinit  mc_w.l(handlers.o)
    0x0800a21a   0x0800a21a   0x00000002   PAD
    0x0800a21c   0x0800a21c   0x00000154   Code   RO         2366    i._printf_core      mc_w.l(printf1.o)
    0x0800a370   0x0800a370   0x00000010   Data   RO         1136    .rodata.AHBPrescTable  system_stm32f4xx.o
    0x0800a380   0x0800a380   0x00000008   Data   RO         1137    .rodata.APBPrescTable  system_stm32f4xx.o
    0x0800a388   0x0800a388   0x00000018   Data   RO         2257    .rodata.EventRecorderInfo  eventrecorder.o
    0x0800a3a0   0x0800a3a0   0x00000024   Data   RO           57    .rodata.app_main_task_attributes  freertos.o
    0x0800a3c4   0x0800a3c4   0x00000010   Data   RO           65    .rodata.button_timer_attributes  freertos.o
    0x0800a3d4   0x0800a3d4   0x00000010   Data   RO           63    .rodata.buzzer_timer_attributes  freertos.o
    0x0800a3e4   0x0800a3e4   0x00000100   Data   RO         2041    .rodata.crc8_table  checksum.o
    0x0800a4e4   0x0800a4e4   0x00000008   Data   RO          475    .rodata.cst8        stm32f4xx_hal_dma.o
    0x0800a4ec   0x0800a4ec   0x00000024   Data   RO           56    .rodata.defaultTask_attributes  freertos.o
    0x0800a510   0x0800a510   0x00000018   Data   RO           60    .rodata.led0_ctrl_queue_attributes  freertos.o
    0x0800a528   0x0800a528   0x00000018   Data   RO           61    .rodata.led1_ctrl_queue_attributes  freertos.o
    0x0800a540   0x0800a540   0x00000010   Data   RO           64    .rodata.led_timer_attributes  freertos.o
    0x0800a550   0x0800a550   0x00000010   Data   RO           68    .rodata.packet_rx_not_empty_attributes  freertos.o
    0x0800a560   0x0800a560   0x00000024   Data   RO           58    .rodata.packet_rx_task_attributes  freertos.o
    0x0800a584   0x0800a584   0x00000010   Data   RO           67    .rodata.packet_tx_idle_attributes  freertos.o
    0x0800a594   0x0800a594   0x00000018   Data   RO           62    .rodata.packet_tx_queue_attributes  freertos.o
    0x0800a5ac   0x0800a5ac   0x00000024   Data   RO           59    .rodata.packet_tx_task_attributes  freertos.o
    0x0800a5d0   0x0800a5d0   0x00000010   Data   RO           66    .rodata.serial_servo_rx_complete_attributes  freertos.o
    0x0800a5e0   0x0800a5e0   0x000000c8   Data   RO           55    .rodata.str1.1      freertos.o
    0x0800a6a8   0x0800a6a8   0x00000005   Data   RO         1485    .rodata.str1.1      timers.o
    0x0800a6ad   0x0800a6ad   0x0000000c   Data   RO         1820    .rodata.str1.1      lwmem_sys_cmsis_os.o
    0x0800a6b9   0x0800a6b9   0x00000003   PAD
    0x0800a6bc   0x0800a6bc   0x00000020   Data   RO         2622    Region$$Table       anon$$obj.o


    Execution Region RW_IRAM1 (Exec base: 0x20000000, Load base: 0x0800a6e0, Size: 0x00018228, Max: 0x0001c000, ABSOLUTE)

    Exec Addr    Load Addr    Size         Type   Attr      Idx    E Section Name        Object

    0x20000000   0x0800a6e0   0x00000004   Data   RW         2296    .data               mc_w.l(stdout.o)
    0x20000004   0x0800a6e4   0x00000008   Data   RW          647    .data..L_MergedGlobals  stm32f4xx_hal.o
    0x2000000c   0x0800a6ec   0x00000004   Data   RW         1135    .data.SystemCoreClock  system_stm32f4xx.o
    0x20000010   0x0800a6f0   0x00000018   Data   RW         2122    .data.lwmem_regions  lwmem_porting.o
    0x20000028   0x0800a708   0x00000004   Data   RW         1708    .data.uxCriticalNesting  port.o
    0x2000002c   0x0800a70c   0x00000004   PAD
    0x20000030        -       0x00000034   Zero   RW           69    .bss..L_MergedGlobals  freertos.o
    0x20000064        -       0x00000078   Zero   RW         1435    .bss..L_MergedGlobals  tasks.o
    0x200000dc        -       0x0000003c   Zero   RW         1486    .bss..L_MergedGlobals  timers.o
    0x20000118        -       0x00000020   Zero   RW         1673    .bss..L_MergedGlobals  heap_4.o
    0x20000138        -       0x00000008   Zero   RW         1709    .bss..L_MergedGlobals  port.o
    0x20000140        -       0x00000010   Zero   RW         2078    .bss..L_MergedGlobals  led_porting.o
    0x20000150        -       0x00000008   Zero   RW         2112    .bss..L_MergedGlobals  buzzer_porting.o
    0x20000158        -       0x0000000c   Zero   RW         2277    .bss..L_MergedGlobals  retarget_io.o
    0x20000164        -       0x00000028   Zero   RW         1436    .bss..L_MergedGlobals.1  tasks.o
    0x2000018c        -       0x00000004   Zero   RW         1647    .bss.KernelState    cmsis_os2.o
    0x20000190        -       0x00000004   Zero   RW         2093    .bss.buttons        button_porting.o
    0x20000194        -       0x00000048   Zero   RW           84    .bss.hadc1          adc.o
    0x200001dc        -       0x00000060   Zero   RW          141    .bss.hdma_usart1_rx  usart.o
    0x2000023c        -       0x00000060   Zero   RW          142    .bss.hdma_usart1_tx  usart.o
    0x2000029c        -       0x00000048   Zero   RW          119    .bss.htim11         tim.o
    0x200002e4        -       0x00000048   Zero   RW          197    .bss.htim14         stm32f4xx_hal_timebase_tim.o
    0x2000032c        -       0x00000048   Zero   RW          117    .bss.htim2          tim.o
    0x20000374        -       0x00000048   Zero   RW          118    .bss.htim4          tim.o
    0x200003bc        -       0x00000074   Zero   RW          138    .bss.huart1         usart.o
    0x20000430        -       0x00000074   Zero   RW          139    .bss.huart2         usart.o
    0x200004a4        -       0x00000074   Zero   RW          140    .bss.huart6         usart.o
    0x20000518        -       0x00000018   Zero   RW         1803    .bss.lwmem_default  lwmem.o
    0x20000530        -       0x00010000   Zero   RW         2121    .bss.lwmem_ram      lwmem_porting.o
    0x20010530        -       0x00000008   Zero   RW         2191    .bss.motors         motor_porting.o
    0x20010538        -       0x00000154   Zero   RW         2174    .bss.packet_controller  packet_porting.o
    0x2001068c        -       0x00000100   Zero   RW         2175    .bss.packet_init.rx_dma_buffer1  packet_porting.o
    0x2001078c        -       0x00000100   Zero   RW         2176    .bss.packet_init.rx_dma_buffer2  packet_porting.o
    0x2001088c        -       0x000000a0   Zero   RW         1484    .bss.prvCheckForValidListAndQueue.ucStaticTimerQueueStorage  timers.o
    0x2001092c        -       0x00000050   Zero   RW         1483    .bss.prvCheckForValidListAndQueue.xStaticTimerQueue  timers.o
    0x2001097c        -       0x00000008   Zero   RW         2134    .bss.pwm_servos     pwm_servo_porting.o
    0x20010984        -       0x00000460   Zero   RW         1434    .bss.pxReadyTasksLists  tasks.o
    0x20010de4        -       0x00000034   Zero   RW         2149    .bss.serial_servo_controller  serial_servo_porting.o
    0x20010e18        -       0x00006310   Zero   RW         1672    .bss.ucHeap         heap_4.o
    0x20017128        -       0x00000004   Zero   RW          646    .bss.uwTick         stm32f4xx_hal.o
    0x2001712c        -       0x00000400   Zero   RW         1649    .bss.vApplicationGetIdleTaskMemory.Idle_Stack  cmsis_os2.o
    0x2001752c        -       0x0000005c   Zero   RW         1648    .bss.vApplicationGetIdleTaskMemory.Idle_TCB  cmsis_os2.o
    0x20017588        -       0x00000800   Zero   RW         1651    .bss.vApplicationGetTimerTaskMemory.Timer_Stack  cmsis_os2.o
    0x20017d88        -       0x0000005c   Zero   RW         1650    .bss.vApplicationGetTimerTaskMemory.Timer_TCB  cmsis_os2.o
    0x20017de4        -       0x00000040   Zero   RW         1267    .bss.xQueueRegistry  queue.o
    0x20017e24   0x0800a70c   0x00000004   PAD
    0x20017e28        -       0x00000400   Zero   RW            1    STACK               startup_stm32f407xx.o


    Execution Region RW_IRAM2 (Exec base: 0x2001c000, Load base: 0x0800a710, Size: 0x000004e4, Max: 0x00004000, ABSOLUTE, UNINIT)

    Exec Addr    Load Addr    Size         Type   Attr      Idx    E Section Name        Object

    0x2001c000        -       0x00000001   Zero   RW         2258    .bss.TS_OverflowLock  eventrecorder.o
    0x2001c001   0x0800a710   0x0000003f   PAD
    0x2001c040        -       0x000004a4   Zero   RW         2256    .bss.noinit         eventrecorder.o


==============================================================================

Image component sizes


      Code (inc. data)   RO Data    RW Data    ZI Data      Debug   Object Name

       206          0          0          0         72       4995   adc.o
       258         28          0          0          0       3346   app.o
       308          0          0          0          0       2434   button.o
       116          0          0          0          4       2588   button_porting.o
       198          0          0          0          0       2498   buzzer.o
       246          0          0          0          8       6277   buzzer_porting.o
       130          0        256          0          0       3408   checksum.o
      1746          0          0          0       3260      44680   cmsis_os2.o
        36          0          0          0          0       1376   dma.o
      3970          0         24          0       1189      19673   eventrecorder.o
       304          0        512          0         52       5539   freertos.o
       326          0          0          0          0       2255   gpio.o
       708          0          0          0      25392       5576   heap_4.o
       180          0          0          0          0       2386   led.o
       262          0          0          0         16       3513   led_porting.o
       190          0          0          0          0       2304   list.o
      1080          0          0          0         24      17484   lwmem.o
         0          0          0         24      65536        713   lwmem_porting.o
       106         16         12          0          0       1744   lwmem_sys_cmsis_os.o
       626          0          0          0          0       7528   lwrb.o
       380          0          0          0          0       7889   main.o
       338         16          0          0          8       4755   motor_porting.o
       440          6          0          0          0       4642   packet.o
      1038        116          0          0          0       9236   packet_handle.o
       642          0          0          0        852       7590   packet_porting.o
       994         16          0          4          8       4151   port.o
       132          0          0          0          0       1741   pwm_servo.o
        50          0          0          0          8       5089   pwm_servo_porting.o
      3790          0          0          0         64      28107   queue.o
        74          0          0          0         12       2494   retarget_io.o
      1372          0          0          0          0      12937   serial_servo.o
      1234         20          0          0         52       5692   serial_servo_porting.o
        36          8        392          0       1024        812   startup_stm32f407xx.o
        92          0          0          8          4       7269   stm32f4xx_hal.o
       676          0          0          0          0      11889   stm32f4xx_hal_adc.o
       156          0          0          0          0      10499   stm32f4xx_hal_cortex.o
      1142          6          8          0          0      10573   stm32f4xx_hal_dma.o
       442          0          0          0          0       5232   stm32f4xx_hal_gpio.o
        66          0          0          0          0       3504   stm32f4xx_hal_msp.o
      1524          0          0          0          0       7397   stm32f4xx_hal_rcc.o
      2444          4          0          0          0      55010   stm32f4xx_hal_tim.o
       186          0          0          0          0      21215   stm32f4xx_hal_tim_ex.o
       188          0          0          0         72       7238   stm32f4xx_hal_timebase_tim.o
      4908         14          0          0          0      35251   stm32f4xx_hal_uart.o
        78          0          0          0          0       6216   stm32f4xx_it.o
        18          0         24          4          0       2622   system_stm32f4xx.o
      3434          8          0          0       1280      42975   tasks.o
      1304          0          0          0        216       9770   tim.o
      1554         20          5          0        300      16051   timers.o
       634          0          0          0        540       8039   usart.o

    ----------------------------------------------------------------------
     40684        290       1268         40     100064     496202   Object Totals
         0          0         32          0          0          0   (incl. Generated)
       322         12          3          0         71          0   (incl. Padding)

    ----------------------------------------------------------------------

      Code (inc. data)   RO Data    RW Data    ZI Data      Debug   Library Member Name

         0          0          0          0          0          0   entry.o
         0          0          0          0          0          0   entry10a.o
         0          0          0          0          0          0   entry11a.o
         8          4          0          0          0          0   entry2.o
         4          0          0          0          0          0   entry5.o
         0          0          0          0          0          0   entry7b.o
         0          0          0          0          0          0   entry8b.o
         8          4          0          0          0          0   entry9a.o
        30          0          0          0          0          0   handlers.o
        36          8          0          0          0         68   init.o
        30          0          0          0          0         68   llshl.o
        32          0          0          0          0         68   llushr.o
        64          0          0          0          0         76   memmovea.o
        36          0          0          0          0        108   memseta.o
       372         14          0          0          0        184   printf1.o
         0          0          0          4          0          0   stdout.o
        44          0          0          0          0         80   uidiv.o
        98          0          0          0          0         92   uldiv.o

    ----------------------------------------------------------------------
       764         30          0          4          0        744   Library Totals
         2          0          0          0          0          0   (incl. Padding)

    ----------------------------------------------------------------------

      Code (inc. data)   RO Data    RW Data    ZI Data      Debug   Library Name

       762         30          0          4          0        744   mc_w.l

    ----------------------------------------------------------------------
       764         30          0          4          0        744   Library Totals

    ----------------------------------------------------------------------

==============================================================================


      Code (inc. data)   RO Data    RW Data    ZI Data      Debug   

     41448        320       1268         44     100064     495898   Grand Totals
     41448        320       1268         44     100064     495898   ELF Image Totals
     41448        320       1268         44          0          0   ROM Totals

==============================================================================

    Total RO  Size (Code + RO Data)                42716 (  41.71kB)
    Total RW  Size (RW Data + ZI Data)            100108 (  97.76kB)
    Total ROM Size (Code + RO Data + RW Data)      42760 (  41.76kB)

==============================================================================

